Archive member included to satisfy reference by file (symbol)

/usr/lib/gcc/arm-none-eabi/14.2.0/../../../../arm-none-eabi/lib/thumb/v7e-m+dp/hard/libc_nano.a(libc_a-atexit.o)
                              /usr/lib/gcc/arm-none-eabi/14.2.0/../../../../arm-none-eabi/lib/thumb/v7e-m+dp/hard/crt0.o (atexit)
/usr/lib/gcc/arm-none-eabi/14.2.0/../../../../arm-none-eabi/lib/thumb/v7e-m+dp/hard/libc_nano.a(libc_a-exit.o)
                              /usr/lib/gcc/arm-none-eabi/14.2.0/../../../../arm-none-eabi/lib/thumb/v7e-m+dp/hard/crt0.o (exit)
/usr/lib/gcc/arm-none-eabi/14.2.0/../../../../arm-none-eabi/lib/thumb/v7e-m+dp/hard/libc_nano.a(libc_a-findfp.o)
                              /usr/lib/gcc/arm-none-eabi/14.2.0/../../../../arm-none-eabi/lib/thumb/v7e-m+dp/hard/libc_nano.a(libc_a-exit.o) (__stdio_exit_handler)
/usr/lib/gcc/arm-none-eabi/14.2.0/../../../../arm-none-eabi/lib/thumb/v7e-m+dp/hard/libc_nano.a(libc_a-fwalk.o)
                              /usr/lib/gcc/arm-none-eabi/14.2.0/../../../../arm-none-eabi/lib/thumb/v7e-m+dp/hard/libc_nano.a(libc_a-findfp.o) (_fwalk_sglue)
/usr/lib/gcc/arm-none-eabi/14.2.0/../../../../arm-none-eabi/lib/thumb/v7e-m+dp/hard/libc_nano.a(libc_a-stdio.o)
                              /usr/lib/gcc/arm-none-eabi/14.2.0/../../../../arm-none-eabi/lib/thumb/v7e-m+dp/hard/libc_nano.a(libc_a-findfp.o) (__sread)
/usr/lib/gcc/arm-none-eabi/14.2.0/../../../../arm-none-eabi/lib/thumb/v7e-m+dp/hard/libc_nano.a(libc_a-memset.o)
                              /usr/lib/gcc/arm-none-eabi/14.2.0/../../../../arm-none-eabi/lib/thumb/v7e-m+dp/hard/crt0.o (memset)
/usr/lib/gcc/arm-none-eabi/14.2.0/../../../../arm-none-eabi/lib/thumb/v7e-m+dp/hard/libc_nano.a(libc_a-closer.o)
                              /usr/lib/gcc/arm-none-eabi/14.2.0/../../../../arm-none-eabi/lib/thumb/v7e-m+dp/hard/libc_nano.a(libc_a-stdio.o) (_close_r)
/usr/lib/gcc/arm-none-eabi/14.2.0/../../../../arm-none-eabi/lib/thumb/v7e-m+dp/hard/libc_nano.a(libc_a-reent.o)
                              /usr/lib/gcc/arm-none-eabi/14.2.0/../../../../arm-none-eabi/lib/thumb/v7e-m+dp/hard/libc_nano.a(libc_a-closer.o) (errno)
/usr/lib/gcc/arm-none-eabi/14.2.0/../../../../arm-none-eabi/lib/thumb/v7e-m+dp/hard/libc_nano.a(libc_a-impure.o)
                              /usr/lib/gcc/arm-none-eabi/14.2.0/../../../../arm-none-eabi/lib/thumb/v7e-m+dp/hard/libc_nano.a(libc_a-reent.o) (_impure_ptr)
/usr/lib/gcc/arm-none-eabi/14.2.0/../../../../arm-none-eabi/lib/thumb/v7e-m+dp/hard/libc_nano.a(libc_a-lseekr.o)
                              /usr/lib/gcc/arm-none-eabi/14.2.0/../../../../arm-none-eabi/lib/thumb/v7e-m+dp/hard/libc_nano.a(libc_a-stdio.o) (_lseek_r)
/usr/lib/gcc/arm-none-eabi/14.2.0/../../../../arm-none-eabi/lib/thumb/v7e-m+dp/hard/libc_nano.a(libc_a-readr.o)
                              /usr/lib/gcc/arm-none-eabi/14.2.0/../../../../arm-none-eabi/lib/thumb/v7e-m+dp/hard/libc_nano.a(libc_a-stdio.o) (_read_r)
/usr/lib/gcc/arm-none-eabi/14.2.0/../../../../arm-none-eabi/lib/thumb/v7e-m+dp/hard/libc_nano.a(libc_a-writer.o)
                              /usr/lib/gcc/arm-none-eabi/14.2.0/../../../../arm-none-eabi/lib/thumb/v7e-m+dp/hard/libc_nano.a(libc_a-stdio.o) (_write_r)
/usr/lib/gcc/arm-none-eabi/14.2.0/../../../../arm-none-eabi/lib/thumb/v7e-m+dp/hard/libc_nano.a(libc_a-errno.o)
                              build/sysmem.o (__errno)
/usr/lib/gcc/arm-none-eabi/14.2.0/../../../../arm-none-eabi/lib/thumb/v7e-m+dp/hard/libc_nano.a(libc_a-init.o)
                              /usr/lib/gcc/arm-none-eabi/14.2.0/../../../../arm-none-eabi/lib/thumb/v7e-m+dp/hard/crt0.o (__libc_init_array)
/usr/lib/gcc/arm-none-eabi/14.2.0/../../../../arm-none-eabi/lib/thumb/v7e-m+dp/hard/libc_nano.a(libc_a-fini.o)
                              /usr/lib/gcc/arm-none-eabi/14.2.0/../../../../arm-none-eabi/lib/thumb/v7e-m+dp/hard/crt0.o (__libc_fini_array)
/usr/lib/gcc/arm-none-eabi/14.2.0/../../../../arm-none-eabi/lib/thumb/v7e-m+dp/hard/libc_nano.a(libc_a-lock.o)
                              /usr/lib/gcc/arm-none-eabi/14.2.0/../../../../arm-none-eabi/lib/thumb/v7e-m+dp/hard/libc_nano.a(libc_a-findfp.o) (__retarget_lock_init_recursive)
/usr/lib/gcc/arm-none-eabi/14.2.0/../../../../arm-none-eabi/lib/thumb/v7e-m+dp/hard/libc_nano.a(libc_a-__atexit.o)
                              /usr/lib/gcc/arm-none-eabi/14.2.0/../../../../arm-none-eabi/lib/thumb/v7e-m+dp/hard/libc_nano.a(libc_a-atexit.o) (__register_exitproc)
/usr/lib/gcc/arm-none-eabi/14.2.0/../../../../arm-none-eabi/lib/thumb/v7e-m+dp/hard/libc_nano.a(libc_a-__call_atexit.o)
                              /usr/lib/gcc/arm-none-eabi/14.2.0/../../../../arm-none-eabi/lib/thumb/v7e-m+dp/hard/libc_nano.a(libc_a-__atexit.o) (__call_exitprocs)
/usr/lib/gcc/arm-none-eabi/14.2.0/../../../../arm-none-eabi/lib/thumb/v7e-m+dp/hard/libc_nano.a(libc_a-freer.o)
                              /usr/lib/gcc/arm-none-eabi/14.2.0/../../../../arm-none-eabi/lib/thumb/v7e-m+dp/hard/libc_nano.a(libc_a-reent.o) (_free_r)
[...]
Memory Configuration

Name             Origin             Length             Attributes
DTCMRAM          0x20000000         0x00020000         xrw
RAM              0x24000000         0x00080000         xrw
RAM_D2           0x30000000         0x00048000         xrw
RAM_D3           0x38000000         0x00010000         xrw
ITCMRAM          0x00000000         0x00010000         xrw
FLASH            0x08000000         0x00200000         xr
*default*        0x00000000         0xffffffff

Linker script and memory map

LOAD /usr/lib/gcc/arm-none-eabi/14.2.0/thumb/v7e-m+dp/hard/crti.o
LOAD /usr/lib/gcc/arm-none-eabi/14.2.0/thumb/v7e-m+dp/hard/crtbegin.o
LOAD /usr/lib/gcc/arm-none-eabi/14.2.0/../../../../arm-none-eabi/lib/thumb/v7e-m+dp/hard/crt0.o
LOAD build/main.o
LOAD build/stm32h7xx_it.o
LOAD build/stm32h7xx_hal_msp.o
LOAD build/stm32h7xx_nucleo.o
LOAD build/stm32h7xx_hal_adc.o
LOAD build/stm32h7xx_hal_adc_ex.o
LOAD build/stm32h7xx_hal_rcc.o
LOAD build/stm32h7xx_hal_rcc_ex.o
LOAD build/stm32h7xx_hal_flash.o
LOAD build/stm32h7xx_hal_flash_ex.o
LOAD build/stm32h7xx_hal_gpio.o
LOAD build/stm32h7xx_hal_hsem.o
LOAD build/stm32h7xx_hal_dma.o
LOAD build/stm32h7xx_hal_dma_ex.o
LOAD build/stm32h7xx_hal_mdma.o
LOAD build/stm32h7xx_hal_pwr.o
LOAD build/stm32h7xx_hal_pwr_ex.o
LOAD build/stm32h7xx_hal_cortex.o
LOAD build/stm32h7xx_hal.o
LOAD build/stm32h7xx_hal_i2c.o
LOAD build/stm32h7xx_hal_i2c_ex.o
LOAD build/stm32h7xx_hal_exti.o
LOAD build/stm32h7xx_hal_tim.o
LOAD build/stm32h7xx_hal_tim_ex.o
LOAD build/stm32h7xx_hal_usart.o
LOAD build/stm32h7xx_hal_usart_ex.o
LOAD build/stm32h7xx_hal_uart_ex.o
LOAD build/stm32h7xx_hal_uart.o
LOAD build/system_stm32h7xx.o
LOAD build/sysmem.o
LOAD build/syscalls.o
LOAD build/ILI9341.o
LOAD build/lv_port_disp.o
LOAD build/startup_stm32h753xx.o
LOAD /usr/lib/gcc/arm-none-eabi/14.2.0/../../../../arm-none-eabi/lib/thumb/v7e-m+dp/hard/libc_nano.a
LOAD /usr/lib/gcc/arm-none-eabi/14.2.0/../../../../arm-none-eabi/lib/thumb/v7e-m+dp/hard/libm.a
LOAD /usr/lib/gcc/arm-none-eabi/14.2.0/../../../../arm-none-eabi/lib/thumb/v7e-m+dp/hard/libnosys.a
START GROUP
LOAD /usr/lib/gcc/arm-none-eabi/14.2.0/thumb/v7e-m+dp/hard/libgcc.a
LOAD /usr/lib/gcc/arm-none-eabi/14.2.0/../../../../arm-none-eabi/lib/thumb/v7e-m+dp/hard/libc_nano.a
END GROUP
START GROUP
LOAD /usr/lib/gcc/arm-none-eabi/14.2.0/thumb/v7e-m+dp/hard/libgcc.a
LOAD /usr/lib/gcc/arm-none-eabi/14.2.0/../../../../arm-none-eabi/lib/thumb/v7e-m+dp/hard/libc_nano.a
END GROUP
LOAD /usr/lib/gcc/arm-none-eabi/14.2.0/thumb/v7e-m+dp/hard/crtend.o
LOAD /usr/lib/gcc/arm-none-eabi/14.2.0/thumb/v7e-m+dp/hard/crtn.o
                0x20020000                        _estack = (ORIGIN (DTCMRAM) + LENGTH (DTCMRAM))
                0x2001fc00                        _sstack = (_estack - _Min_Stack_Size)
                0x00000200                        _Min_Heap_Size = 0x200
                0x00000400                        _Min_Stack_Size = 0x400

.isr_vector     0x08000000      0x298
                0x08000000                        . = ALIGN (0x4)
 *(.isr_vector)
 .isr_vector    0x08000000      0x298 build/startup_stm32h753xx.o
                0x08000000                g_pfnVectors
                0x08000298                        . = ALIGN (0x4)

.text           0x08000298     0x5194
                0x08000298                        . = ALIGN (0x4)
 *(.text)
 .text          0x08000298       0x30 /usr/lib/gcc/arm-none-eabi/14.2.0/thumb/v7e-m+dp/hard/libgcc.a(_aeabi_uldivmod.o)
                0x08000298                __aeabi_uldivmod
 .text          0x080002c8        0x4 /usr/lib/gcc/arm-none-eabi/14.2.0/thumb/v7e-m+dp/hard/libgcc.a(_dvmd_tls.o)
                0x080002c8                __aeabi_ldiv0
                0x080002c8                __aeabi_idiv0
 *(.text*)
 .text.__do_global_dtors_aux
                0x080002cc       0x24 /usr/lib/gcc/arm-none-eabi/14.2.0/thumb/v7e-m+dp/hard/crtbegin.o
 .text.frame_dummy
                0x080002f0       0x1c /usr/lib/gcc/arm-none-eabi/14.2.0/thumb/v7e-m+dp/hard/crtbegin.o
 .text.MX_GPIO_Init
                0x0800030c       0xfc build/main.o
 .text.Error_Handler
                0x08000408        0x4 build/main.o
                0x08000408                Error_Handler
 .text.MX_ADC1_Init
                0x0800040c       0xa0 build/main.o
 .text.MX_I2C1_Init
                0x080004ac       0x54 build/main.o
 .text.MX_TIM2_Init
                0x08000500       0x68 build/main.o
 .text.MX_USART1_UART_Init
                0x08000568       0x60 build/main.o
 .text.SystemClock_Config
                0x080005c8       0xc4 build/main.o
                0x080005c8                SystemClock_Config
 .text.main     0x0800068c       0x5c build/main.o
                0x0800068c                main
 .text.NMI_Handler
                0x080006e8        0x2 build/stm32h7xx_it.o
                0x080006e8                NMI_Handler
 .text.HardFault_Handler
                0x080006ea        0x2 build/stm32h7xx_it.o
                0x080006ea                HardFault_Handler
 .text.MemManage_Handler
                0x080006ec        0x2 build/stm32h7xx_it.o
                0x080006ec                MemManage_Handler
 .text.BusFault_Handler
                0x080006ee        0x2 build/stm32h7xx_it.o
                0x080006ee                BusFault_Handler
 .text.UsageFault_Handler
                0x080006f0        0x2 build/stm32h7xx_it.o
                0x080006f0                UsageFault_Handler
 .text.SVC_Handler
                0x080006f2        0x2 build/stm32h7xx_it.o
                0x080006f2                SVC_Handler
 .text.DebugMon_Handler
                0x080006f4        0x2 build/stm32h7xx_it.o
                0x080006f4                DebugMon_Handler
 .text.PendSV_Handler
                0x080006f6        0x2 build/stm32h7xx_it.o
                0x080006f6                PendSV_Handler
 .text.SysTick_Handler
                0x080006f8        0x8 build/stm32h7xx_it.o
                0x080006f8                SysTick_Handler
 .text.EXTI15_10_IRQHandler
                0x08000700        0xa build/stm32h7xx_it.o
                0x08000700                EXTI15_10_IRQHandler
 *fill*         0x0800070a        0x2 
 .text.HAL_MspInit
                0x0800070c       0x24 build/stm32h7xx_hal_msp.o
                0x0800070c                HAL_MspInit
 .text.HAL_ADC_MspInit
                0x08000730       0xdc build/stm32h7xx_hal_msp.o
                0x08000730                HAL_ADC_MspInit
 .text.HAL_I2C_MspInit
                0x0800080c       0x98 build/stm32h7xx_hal_msp.o
                0x0800080c                HAL_I2C_MspInit
 .text.HAL_TIM_Base_MspInit
                0x080008a4       0x30 build/stm32h7xx_hal_msp.o
                0x080008a4                HAL_TIM_Base_MspInit
 .text.HAL_UART_MspInit
                0x080008d4       0xd0 build/stm32h7xx_hal_msp.o
                0x080008d4                HAL_UART_MspInit
 .text.COM1_MspInit
                0x080009a4       0x8c build/stm32h7xx_nucleo.o
 .text.BSP_LED_Init
                0x08000a30       0xa4 build/stm32h7xx_nucleo.o
                0x08000a30                BSP_LED_Init
 .text.BSP_PB_Init
                0x08000ad4       0x8c build/stm32h7xx_nucleo.o
                0x08000ad4                BSP_PB_Init
 .text.BSP_PB_IRQHandler
                0x08000b60       0x14 build/stm32h7xx_nucleo.o
                0x08000b60                BSP_PB_IRQHandler
 .text.BSP_PB_Callback
                0x08000b74        0x2 build/stm32h7xx_nucleo.o
                0x08000b74                BSP_PB_Callback
 .text.BUTTON_USER_EXTI_Callback
                0x08000b76        0xa build/stm32h7xx_nucleo.o
 .text.MX_USART3_Init
                0x08000b80       0x30 build/stm32h7xx_nucleo.o
                0x08000b80                MX_USART3_Init
 .text.BSP_COM_Init
                0x08000bb0       0x30 build/stm32h7xx_nucleo.o
                0x08000bb0                BSP_COM_Init
 .text.LL_ADC_REG_SetSequencerRanks
                0x08000be0       0x30 build/stm32h7xx_hal_adc.o
 .text.LL_ADC_SetChannelSamplingTime
                0x08000c10       0x2c build/stm32h7xx_hal_adc.o
 .text.LL_ADC_SetChannelPreselection
                0x08000c3c       0x2e build/stm32h7xx_hal_adc.o
 *fill*         0x08000c6a        0x2 
 .text.HAL_ADC_ConfigChannel
                0x08000c6c      0x468 build/stm32h7xx_hal_adc.o
                0x08000c6c                HAL_ADC_ConfigChannel
 .text.ADC_ConfigureBoostMode
                0x080010d4      0x160 build/stm32h7xx_hal_adc.o
                0x080010d4                ADC_ConfigureBoostMode
 .text.HAL_ADC_Init
                0x08001234      0x254 build/stm32h7xx_hal_adc.o
                0x08001234                HAL_ADC_Init
 .text.HAL_ADCEx_MultiModeConfigChannel
                0x08001488      0x150 build/stm32h7xx_hal_adc_ex.o
                0x08001488                HAL_ADCEx_MultiModeConfigChannel
 .text.HAL_RCC_OscConfig
                0x080015d8      0x6b0 build/stm32h7xx_hal_rcc.o
                0x080015d8                HAL_RCC_OscConfig
 .text.HAL_RCC_GetSysClockFreq
                0x08001c88      0x1f8 build/stm32h7xx_hal_rcc.o
                0x08001c88                HAL_RCC_GetSysClockFreq
 .text.HAL_RCC_ClockConfig
                0x08001e80      0x294 build/stm32h7xx_hal_rcc.o
                0x08001e80                HAL_RCC_ClockConfig
 .text.HAL_RCC_GetHCLKFreq
                0x08002114       0x44 build/stm32h7xx_hal_rcc.o
                0x08002114                HAL_RCC_GetHCLKFreq
 .text.HAL_RCC_GetPCLK1Freq
                0x08002158       0x24 build/stm32h7xx_hal_rcc.o
                0x08002158                HAL_RCC_GetPCLK1Freq
 .text.HAL_RCC_GetPCLK2Freq
                0x0800217c       0x24 build/stm32h7xx_hal_rcc.o
                0x0800217c                HAL_RCC_GetPCLK2Freq
 .text.RCCEx_PLL2_Config
                0x080021a0      0x108 build/stm32h7xx_hal_rcc_ex.o
 .text.RCCEx_PLL3_Config
                0x080022a8      0x108 build/stm32h7xx_hal_rcc_ex.o
 .text.HAL_RCCEx_PeriphCLKConfig
                0x080023b0      0xab8 build/stm32h7xx_hal_rcc_ex.o
                0x080023b0                HAL_RCCEx_PeriphCLKConfig
 .text.HAL_RCCEx_GetD3PCLK1Freq
                0x08002e68       0x24 build/stm32h7xx_hal_rcc_ex.o
                0x08002e68                HAL_RCCEx_GetD3PCLK1Freq
 .text.HAL_RCCEx_GetPLL2ClockFreq
                0x08002e8c      0x200 build/stm32h7xx_hal_rcc_ex.o
                0x08002e8c                HAL_RCCEx_GetPLL2ClockFreq
 .text.HAL_RCCEx_GetPLL3ClockFreq
                0x0800308c      0x200 build/stm32h7xx_hal_rcc_ex.o
                0x0800308c                HAL_RCCEx_GetPLL3ClockFreq
 .text.HAL_RCCEx_GetPLL1ClockFreq
                0x0800328c      0x200 build/stm32h7xx_hal_rcc_ex.o
                0x0800328c                HAL_RCCEx_GetPLL1ClockFreq
 .text.HAL_RCCEx_GetPeriphCLKFreq
                0x0800348c      0x6dc build/stm32h7xx_hal_rcc_ex.o
                0x0800348c                HAL_RCCEx_GetPeriphCLKFreq
 .text.HAL_GPIO_Init
                0x08003b68      0x22c build/stm32h7xx_hal_gpio.o
                0x08003b68                HAL_GPIO_Init
 .text.HAL_GPIO_WritePin
                0x08003d94        0xc build/stm32h7xx_hal_gpio.o
                0x08003d94                HAL_GPIO_WritePin
 .text.HAL_PWREx_ConfigSupply
                0x08003da0       0x54 build/stm32h7xx_hal_pwr_ex.o
                0x08003da0                HAL_PWREx_ConfigSupply
 .text.__NVIC_EnableIRQ
                0x08003df4       0x1c build/stm32h7xx_hal_cortex.o
 .text.__NVIC_SetPriority
                0x08003e10       0x24 build/stm32h7xx_hal_cortex.o
 .text.NVIC_EncodePriority
                0x08003e34       0x3e build/stm32h7xx_hal_cortex.o
 *fill*         0x08003e72        0x2 
 .text.HAL_NVIC_SetPriorityGrouping
                0x08003e74       0x24 build/stm32h7xx_hal_cortex.o
                0x08003e74                HAL_NVIC_SetPriorityGrouping
 .text.HAL_NVIC_SetPriority
                0x08003e98       0x20 build/stm32h7xx_hal_cortex.o
                0x08003e98                HAL_NVIC_SetPriority
 .text.HAL_NVIC_EnableIRQ
                0x08003eb8        0x8 build/stm32h7xx_hal_cortex.o
                0x08003eb8                HAL_NVIC_EnableIRQ
 .text.HAL_SYSTICK_Config
                0x08003ec0       0x28 build/stm32h7xx_hal_cortex.o
                0x08003ec0                HAL_SYSTICK_Config
 .text.HAL_InitTick
                0x08003ee8       0x50 build/stm32h7xx_hal.o
                0x08003ee8                HAL_InitTick
 .text.HAL_Init
                0x08003f38       0x5c build/stm32h7xx_hal.o
                0x08003f38                HAL_Init
 .text.HAL_IncTick
                0x08003f94       0x18 build/stm32h7xx_hal.o
                0x08003f94                HAL_IncTick
 .text.HAL_GetTick
                0x08003fac        0xc build/stm32h7xx_hal.o
                0x08003fac                HAL_GetTick
 .text.HAL_GetREVID
                0x08003fb8        0xc build/stm32h7xx_hal.o
                0x08003fb8                HAL_GetREVID
 .text.HAL_I2C_Init
                0x08003fc4       0xc8 build/stm32h7xx_hal_i2c.o
                0x08003fc4                HAL_I2C_Init
 .text.HAL_I2CEx_ConfigAnalogFilter
                0x0800408c       0x5a build/stm32h7xx_hal_i2c_ex.o
                0x0800408c                HAL_I2CEx_ConfigAnalogFilter
 .text.HAL_I2CEx_ConfigDigitalFilter
                0x080040e6       0x56 build/stm32h7xx_hal_i2c_ex.o
                0x080040e6                HAL_I2CEx_ConfigDigitalFilter
 .text.HAL_EXTI_RegisterCallback
                0x0800413c       0x12 build/stm32h7xx_hal_exti.o
                0x0800413c                HAL_EXTI_RegisterCallback
 .text.HAL_EXTI_GetHandle
                0x0800414e        0xc build/stm32h7xx_hal_exti.o
                0x0800414e                HAL_EXTI_GetHandle
 *fill*         0x0800415a        0x2 
 .text.HAL_EXTI_IRQHandler
                0x0800415c       0x28 build/stm32h7xx_hal_exti.o
                0x0800415c                HAL_EXTI_IRQHandler
 .text.TIM_TI1_ConfigInputStage
                0x08004184       0x60 build/stm32h7xx_hal_tim.o
 .text.TIM_TI2_ConfigInputStage
                0x080041e4       0x44 build/stm32h7xx_hal_tim.o
 .text.TIM_ITRx_SetConfig
                0x08004228       0x14 build/stm32h7xx_hal_tim.o
 .text.TIM_Base_SetConfig
                0x0800423c      0x104 build/stm32h7xx_hal_tim.o
                0x0800423c                TIM_Base_SetConfig
 .text.HAL_TIM_Base_Init
                0x08004340       0x60 build/stm32h7xx_hal_tim.o
                0x08004340                HAL_TIM_Base_Init
 .text.TIM_ETR_SetConfig
                0x080043a0       0x1a build/stm32h7xx_hal_tim.o
                0x080043a0                TIM_ETR_SetConfig
 *fill*         0x080043ba        0x2 
 .text.HAL_TIM_ConfigClockSource
                0x080043bc      0x138 build/stm32h7xx_hal_tim.o
                0x080043bc                HAL_TIM_ConfigClockSource
 .text.HAL_TIMEx_MasterConfigSynchronization
                0x080044f4       0xa0 build/stm32h7xx_hal_tim_ex.o
                0x080044f4                HAL_TIMEx_MasterConfigSynchronization
 .text.UARTEx_SetNbDataToProcess
                0x08004594       0x4c build/stm32h7xx_hal_uart_ex.o
 .text.HAL_UARTEx_DisableFifoMode
                0x080045e0       0x3e build/stm32h7xx_hal_uart_ex.o
                0x080045e0                HAL_UARTEx_DisableFifoMode
 .text.HAL_UARTEx_SetTxFifoThreshold
                0x0800461e       0x4a build/stm32h7xx_hal_uart_ex.o
                0x0800461e                HAL_UARTEx_SetTxFifoThreshold
 .text.HAL_UARTEx_SetRxFifoThreshold
                0x08004668       0x4a build/stm32h7xx_hal_uart_ex.o
                0x08004668                HAL_UARTEx_SetRxFifoThreshold
 *fill*         0x080046b2        0x2 
 .text.UART_EndRxTransfer
                0x080046b4       0x58 build/stm32h7xx_hal_uart.o
 .text.UART_SetConfig
                0x0800470c      0x5f4 build/stm32h7xx_hal_uart.o
                0x0800470c                UART_SetConfig
 .text.UART_AdvFeatureConfig
                0x08004d00       0xca build/stm32h7xx_hal_uart.o
                0x08004d00                UART_AdvFeatureConfig
 .text.UART_WaitOnFlagUntilTimeout
                0x08004dca       0xa6 build/stm32h7xx_hal_uart.o
                0x08004dca                UART_WaitOnFlagUntilTimeout
 .text.UART_CheckIdleState
                0x08004e70       0xca build/stm32h7xx_hal_uart.o
                0x08004e70                UART_CheckIdleState
 .text.HAL_UART_Init
                0x08004f3a       0x66 build/stm32h7xx_hal_uart.o
                0x08004f3a                HAL_UART_Init
 .text.SystemInit
                0x08004fa0       0xf0 build/system_stm32h7xx.o
                0x08004fa0                SystemInit
 .text.ExitRun0Mode
                0x08005090       0x18 build/system_stm32h7xx.o
                0x08005090                ExitRun0Mode
 .text.Reset_Handler
                0x080050a8       0x54 build/startup_stm32h753xx.o
                0x080050a8                Reset_Handler
 .text.Default_Handler
                0x080050fc        0x2 build/startup_stm32h753xx.o
                0x080050fc                RTC_Alarm_IRQHandler
                0x080050fc                HASH_RNG_IRQHandler
                0x080050fc                EXTI2_IRQHandler
                0x080050fc                TIM8_CC_IRQHandler
                0x080050fc                HRTIM1_Master_IRQHandler
                0x080050fc                UART8_IRQHandler
                0x080050fc                SPI4_IRQHandler
                0x080050fc                TIM1_CC_IRQHandler
                0x080050fc                BDMA_Channel6_IRQHandler
                0x080050fc                DMA2_Stream5_IRQHandler
                0x080050fc                HRTIM1_FLT_IRQHandler
                0x080050fc                JPEG_IRQHandler
                0x080050fc                DMA1_Stream5_IRQHandler
                0x080050fc                BDMA_Channel1_IRQHandler
                0x080050fc                HRTIM1_TIMD_IRQHandler
                0x080050fc                TAMP_STAMP_IRQHandler
                0x080050fc                EXTI3_IRQHandler
                0x080050fc                LPTIM4_IRQHandler
                0x080050fc                TIM8_TRG_COM_TIM14_IRQHandler
                0x080050fc                LPTIM2_IRQHandler
                0x080050fc                DFSDM1_FLT1_IRQHandler
                0x080050fc                DMAMUX2_OVR_IRQHandler
                0x080050fc                TIM8_UP_TIM13_IRQHandler
                0x080050fc                I2C3_ER_IRQHandler
                0x080050fc                DFSDM1_FLT2_IRQHandler
                0x080050fc                MDMA_IRQHandler
                0x080050fc                LPTIM3_IRQHandler
                0x080050fc                HSEM1_IRQHandler
                0x080050fc                EXTI0_IRQHandler
                0x080050fc                I2C2_EV_IRQHandler
                0x080050fc                DMA1_Stream2_IRQHandler
                0x080050fc                FPU_IRQHandler
                0x080050fc                OTG_HS_WKUP_IRQHandler
                0x080050fc                FDCAN1_IT1_IRQHandler
                0x080050fc                LTDC_ER_IRQHandler
                0x080050fc                DMA2_Stream2_IRQHandler
                0x080050fc                HRTIM1_TIME_IRQHandler
                0x080050fc                SPI1_IRQHandler
                0x080050fc                TIM6_DAC_IRQHandler
                0x080050fc                DCMI_IRQHandler
                0x080050fc                HRTIM1_TIMC_IRQHandler
                0x080050fc                DMA2_Stream3_IRQHandler
                0x080050fc                SAI2_IRQHandler
                0x080050fc                DFSDM1_FLT3_IRQHandler
                0x080050fc                USART6_IRQHandler
                0x080050fc                TIM17_IRQHandler
                0x080050fc                USART3_IRQHandler
                0x080050fc                BDMA_Channel7_IRQHandler
                0x080050fc                CRYP_IRQHandler
                0x080050fc                LPTIM5_IRQHandler
                0x080050fc                UART5_IRQHandler
                0x080050fc                ADC3_IRQHandler
                0x080050fc                DMA2_Stream0_IRQHandler
                0x080050fc                TIM4_IRQHandler
                0x080050fc                BDMA_Channel2_IRQHandler
                0x080050fc                QUADSPI_IRQHandler
                0x080050fc                I2C1_EV_IRQHandler
                0x080050fc                DMA1_Stream6_IRQHandler
                0x080050fc                DMAMUX1_OVR_IRQHandler
                0x080050fc                DMA1_Stream1_IRQHandler
                0x080050fc                TIM16_IRQHandler
                0x080050fc                UART4_IRQHandler
                0x080050fc                BDMA_Channel5_IRQHandler
                0x080050fc                TIM3_IRQHandler
                0x080050fc                RCC_IRQHandler
                0x080050fc                TIM8_BRK_TIM12_IRQHandler
                0x080050fc                TIM1_TRG_COM_IRQHandler
                0x080050fc                Default_Handler
                0x080050fc                ECC_IRQHandler
                0x080050fc                CEC_IRQHandler
                0x080050fc                BDMA_Channel0_IRQHandler
                0x080050fc                ADC_IRQHandler
                0x080050fc                DMA1_Stream7_IRQHandler
                0x080050fc                HRTIM1_TIMA_IRQHandler
                0x080050fc                SPI5_IRQHandler
                0x080050fc                TIM7_IRQHandler
                0x080050fc                SDMMC1_IRQHandler
                0x080050fc                TIM5_IRQHandler
                0x080050fc                DMA2_Stream7_IRQHandler
                0x080050fc                TIM15_IRQHandler
                0x080050fc                PVD_AVD_IRQHandler
                0x080050fc                I2C3_EV_IRQHandler
                0x080050fc                EXTI9_5_IRQHandler
                0x080050fc                RTC_WKUP_IRQHandler
                0x080050fc                LTDC_IRQHandler
                0x080050fc                SAI3_IRQHandler
                0x080050fc                ETH_WKUP_IRQHandler
                0x080050fc                SPDIF_RX_IRQHandler
                0x080050fc                SPI2_IRQHandler
                0x080050fc                OTG_HS_EP1_IN_IRQHandler
                0x080050fc                DMA1_Stream0_IRQHandler
                0x080050fc                CRS_IRQHandler
                0x080050fc                EXTI4_IRQHandler
                0x080050fc                HRTIM1_TIMB_IRQHandler
                0x080050fc                FDCAN2_IT1_IRQHandler
                0x080050fc                ETH_IRQHandler
                0x080050fc                TIM1_UP_IRQHandler
                0x080050fc                BDMA_Channel4_IRQHandler
                0x080050fc                OTG_HS_EP1_OUT_IRQHandler
                0x080050fc                WWDG_IRQHandler
                0x080050fc                SPI6_IRQHandler
                0x080050fc                MDIOS_IRQHandler
                0x080050fc                I2C4_EV_IRQHandler
                0x080050fc                FDCAN2_IT0_IRQHandler
                0x080050fc                LPUART1_IRQHandler
                0x080050fc                FDCAN1_IT0_IRQHandler
                0x080050fc                TIM2_IRQHandler
                0x080050fc                OTG_FS_WKUP_IRQHandler
                0x080050fc                OTG_HS_IRQHandler
                0x080050fc                DMA2D_IRQHandler
                0x080050fc                TIM1_BRK_IRQHandler
                0x080050fc                EXTI1_IRQHandler
                0x080050fc                SDMMC2_IRQHandler
                0x080050fc                OTG_FS_EP1_OUT_IRQHandler
                0x080050fc                BDMA_Channel3_IRQHandler
                0x080050fc                UART7_IRQHandler
                0x080050fc                MDIOS_WKUP_IRQHandler
                0x080050fc                USART2_IRQHandler
                0x080050fc                DFSDM1_FLT0_IRQHandler
                0x080050fc                SAI4_IRQHandler
                0x080050fc                I2C2_ER_IRQHandler
                0x080050fc                DMA2_Stream1_IRQHandler
                0x080050fc                FLASH_IRQHandler
                0x080050fc                DMA2_Stream4_IRQHandler
                0x080050fc                USART1_IRQHandler
                0x080050fc                OTG_FS_IRQHandler
                0x080050fc                SPI3_IRQHandler
                0x080050fc                WAKEUP_PIN_IRQHandler
                0x080050fc                DMA1_Stream4_IRQHandler
                0x080050fc                OTG_FS_EP1_IN_IRQHandler
                0x080050fc                I2C1_ER_IRQHandler
                0x080050fc                FMC_IRQHandler
                0x080050fc                FDCAN_CAL_IRQHandler
                0x080050fc                SWPMI1_IRQHandler
                0x080050fc                COMP1_IRQHandler
                0x080050fc                LPTIM1_IRQHandler
                0x080050fc                I2C4_ER_IRQHandler
                0x080050fc                DMA2_Stream6_IRQHandler
                0x080050fc                SAI1_IRQHandler
                0x080050fc                DMA1_Stream3_IRQHandler
 .text.memset   0x080050fe       0x10 /usr/lib/gcc/arm-none-eabi/14.2.0/../../../../arm-none-eabi/lib/thumb/v7e-m+dp/hard/libc_nano.a(libc_a-memset.o)
                0x080050fe                memset
 *fill*         0x0800510e        0x2 
 .text.__libc_init_array
                0x08005110       0x48 /usr/lib/gcc/arm-none-eabi/14.2.0/../../../../arm-none-eabi/lib/thumb/v7e-m+dp/hard/libc_nano.a(libc_a-init.o)
                0x08005110                __libc_init_array
 .text.__udivmoddi4
                0x08005158      0x2bc /usr/lib/gcc/arm-none-eabi/14.2.0/thumb/v7e-m+dp/hard/libgcc.a(_udivmoddi4.o)
                0x08005158                __udivmoddi4
 *(.glue_7)
 .glue_7        0x08005414        0x0 linker stubs
 *(.glue_7t)
 .glue_7t       0x08005414        0x0 linker stubs
 *(.eh_frame)
 .eh_frame      0x08005414        0x0 /usr/lib/gcc/arm-none-eabi/14.2.0/thumb/v7e-m+dp/hard/crtbegin.o
 *(.init)
 .init          0x08005414        0x4 /usr/lib/gcc/arm-none-eabi/14.2.0/thumb/v7e-m+dp/hard/crti.o
                0x08005414                _init
 .init          0x08005418        0x8 /usr/lib/gcc/arm-none-eabi/14.2.0/thumb/v7e-m+dp/hard/crtn.o
 *(.fini)
 .fini          0x08005420        0x4 /usr/lib/gcc/arm-none-eabi/14.2.0/thumb/v7e-m+dp/hard/crti.o
                0x08005420                _fini
 .fini          0x08005424        0x8 /usr/lib/gcc/arm-none-eabi/14.2.0/thumb/v7e-m+dp/hard/crtn.o
                0x0800542c                        . = ALIGN (0x4)
                0x0800542c                        _etext = .

.vfp11_veneer   0x0800542c        0x0
 .vfp11_veneer  0x0800542c        0x0 linker stubs

.v4_bx          0x0800542c        0x0
 .v4_bx         0x0800542c        0x0 linker stubs

.iplt           0x0800542c        0x0
 .iplt          0x0800542c        0x0 /usr/lib/gcc/arm-none-eabi/14.2.0/thumb/v7e-m+dp/hard/crtbegin.o

.rodata         0x0800542c       0x4c
                0x0800542c                        . = ALIGN (0x4)
 *(.rodata)
 *(.rodata*)
 .rodata.LED_PIN
                0x0800542c        0x6 build/stm32h7xx_nucleo.o
 *fill*         0x08005432        0x2 
 .rodata.LED_PORT
                0x08005434        0xc build/stm32h7xx_nucleo.o
 .rodata.denominator.0
                0x08005440        0x8 build/stm32h7xx_hal_uart_ex.o
 .rodata.numerator.1
                0x08005448        0x8 build/stm32h7xx_hal_uart_ex.o
 .rodata.UARTPrescTable
                0x08005450       0x18 build/stm32h7xx_hal_uart.o
                0x08005450                UARTPrescTable
 .rodata.D1CorePrescTable
                0x08005468       0x10 build/system_stm32h7xx.o
                0x08005468                D1CorePrescTable
                0x08005478                        . = ALIGN (0x4)

.ARM.extab      0x08005478        0x0
                0x08005478                        . = ALIGN (0x4)
 *(.ARM.extab* .gnu.linkonce.armextab.*)
                0x08005478                        . = ALIGN (0x4)

.ARM            0x08005478        0x8
                0x08005478                        . = ALIGN (0x4)
                0x08005478                        __exidx_start = .
 *(.ARM.exidx*)
 .ARM.exidx.text.__udivmoddi4
                0x08005478        0x8 /usr/lib/gcc/arm-none-eabi/14.2.0/thumb/v7e-m+dp/hard/libgcc.a(_udivmoddi4.o)
                0x08005480                        __exidx_end = .
                0x08005480                        . = ALIGN (0x4)

.preinit_array  0x08005480        0x0
                0x08005480                        . = ALIGN (0x4)
                0x08005480                        PROVIDE (__preinit_array_start = .)
 *(.preinit_array*)
                0x08005480                        PROVIDE (__preinit_array_end = .)
                0x08005480                        . = ALIGN (0x4)

.init_array     0x08005480        0x4
                0x08005480                        . = ALIGN (0x4)
                0x08005480                        PROVIDE (__init_array_start = .)
 *(SORT_BY_NAME(.init_array.*))
 *(.init_array*)
 .init_array    0x08005480        0x4 /usr/lib/gcc/arm-none-eabi/14.2.0/thumb/v7e-m+dp/hard/crtbegin.o
                0x08005484                        PROVIDE (__init_array_end = .)
                0x08005484                        . = ALIGN (0x4)

.fini_array     0x08005484        0x4
                0x08005484                        . = ALIGN (0x4)
                0x08005484                        PROVIDE (__fini_array_start = .)
 *(SORT_BY_NAME(.fini_array.*))
 *(.fini_array*)
 .fini_array    0x08005484        0x4 /usr/lib/gcc/arm-none-eabi/14.2.0/thumb/v7e-m+dp/hard/crtbegin.o
                0x08005488                        PROVIDE (__fini_array_end = .)
                0x08005488                        . = ALIGN (0x4)
                0x08005488                        _sidata = LOADADDR (.data)

.rel.dyn        0x08005488        0x0
 .rel.iplt      0x08005488        0x0 /usr/lib/gcc/arm-none-eabi/14.2.0/thumb/v7e-m+dp/hard/crtbegin.o

.data           0x20000000       0x14 load address 0x08005488
                0x20000000                        . = ALIGN (0x4)
                0x20000000                        _sdata = .
 *(.data)
 *(.data*)
 .data.COM_USART
                0x20000000        0x4 build/stm32h7xx_nucleo.o
                0x20000000                COM_USART
 .data.uwTickFreq
                0x20000004        0x1 build/stm32h7xx_hal.o
                0x20000004                uwTickFreq
 *fill*         0x20000005        0x3 
 .data.uwTickPrio
                0x20000008        0x4 build/stm32h7xx_hal.o
                0x20000008                uwTickPrio
 .data.SystemD2Clock
                0x2000000c        0x4 build/system_stm32h7xx.o
                0x2000000c                SystemD2Clock
 .data.SystemCoreClock
                0x20000010        0x4 build/system_stm32h7xx.o
                0x20000010                SystemCoreClock
 *(.RamFunc)
 *(.RamFunc*)
                0x20000014                        . = ALIGN (0x4)
                0x20000014                        _edata = .

.igot.plt       0x20000014        0x0 load address 0x0800549c
 .igot.plt      0x20000014        0x0 /usr/lib/gcc/arm-none-eabi/14.2.0/thumb/v7e-m+dp/hard/crtbegin.o
                0x20000014                        . = ALIGN (0x4)

.bss            0x20000014      0x264 load address 0x0800549c
                0x20000014                        _sbss = .
                0x20000014                        __bss_start__ = _sbss
 *(.bss)
 *(.bss*)
 .bss.completed.1
                0x20000014        0x1 /usr/lib/gcc/arm-none-eabi/14.2.0/thumb/v7e-m+dp/hard/crtbegin.o
 *fill*         0x20000015        0x3 
 .bss.object.0  0x20000018       0x18 /usr/lib/gcc/arm-none-eabi/14.2.0/thumb/v7e-m+dp/hard/crtbegin.o
 .bss.huart1    0x20000030       0x94 build/main.o
                0x20000030                huart1
 .bss.htim2     0x200000c4       0x4c build/main.o
                0x200000c4                htim2
 .bss.hi2c1     0x20000110       0x54 build/main.o
                0x20000110                hi2c1
 .bss.hadc1     0x20000164       0x64 build/main.o
                0x20000164                hadc1
 .bss.BspCOMInit
                0x200001c8       0x10 build/main.o
                0x200001c8                BspCOMInit
 .bss.hcom_uart
                0x200001d8       0x94 build/stm32h7xx_nucleo.o
                0x200001d8                hcom_uart
 .bss.hpb_exti  0x2000026c        0x8 build/stm32h7xx_nucleo.o
                0x2000026c                hpb_exti
 .bss.uwTick    0x20000274        0x4 build/stm32h7xx_hal.o
                0x20000274                uwTick
 *(COMMON)
                0x20000278                        . = ALIGN (0x4)
                0x20000278                        _ebss = .
                0x20000278                        __bss_end__ = _ebss

._user_heap_stack
                0x20000278      0x600 load address 0x0800549c
                0x20000278                        . = ALIGN (0x8)
                [!provide]                        PROVIDE (end = .)
                0x20000278                        PROVIDE (_end = .)
                0x20000478                        . = (. + _Min_Heap_Size)
 *fill*         0x20000278      0x200 
                0x20000878                        . = (. + _Min_Stack_Size)
 *fill*         0x20000478      0x400 
                0x20000878                        . = ALIGN (0x8)

/DISCARD/
 libc.a(*)
 libm.a(*)
 libgcc.a(*)
OUTPUT(build/Senior_Design.elf elf32-littlearm)
LOAD linker stubs
LOAD /usr/lib/gcc/arm-none-eabi/14.2.0/../../../../arm-none-eabi/lib/thumb/v7e-m+dp/hard/libc.a
LOAD /usr/lib/gcc/arm-none-eabi/14.2.0/../../../../arm-none-eabi/lib/thumb/v7e-m+dp/hard/libm.a
LOAD /usr/lib/gcc/arm-none-eabi/14.2.0/thumb/v7e-m+dp/hard/libgcc.a

.ARM.attributes
                0x00000000       0x2e
 .ARM.attributes
                0x00000000       0x20 /usr/lib/gcc/arm-none-eabi/14.2.0/thumb/v7e-m+dp/hard/crti.o
 .ARM.attributes
                0x00000020       0x32 /usr/lib/gcc/arm-none-eabi/14.2.0/thumb/v7e-m+dp/hard/crtbegin.o
 .ARM.attributes
                0x00000052       0x32 build/main.o
 .ARM.attributes
                0x00000084       0x32 build/stm32h7xx_it.o
 .ARM.attributes
                0x000000b6       0x32 build/stm32h7xx_hal_msp.o
 .ARM.attributes
                0x000000e8       0x32 build/stm32h7xx_nucleo.o
 .ARM.attributes
                0x0000011a       0x32 build/stm32h7xx_hal_adc.o
 .ARM.attributes
                0x0000014c       0x32 build/stm32h7xx_hal_adc_ex.o
 .ARM.attributes
                0x0000017e       0x32 build/stm32h7xx_hal_rcc.o
 .ARM.attributes
                0x000001b0       0x32 build/stm32h7xx_hal_rcc_ex.o
 .ARM.attributes
                0x000001e2       0x32 build/stm32h7xx_hal_gpio.o
 .ARM.attributes
                0x00000214       0x32 build/stm32h7xx_hal_pwr_ex.o
 .ARM.attributes
                0x00000246       0x32 build/stm32h7xx_hal_cortex.o
 .ARM.attributes
                0x00000278       0x32 build/stm32h7xx_hal.o
 .ARM.attributes
                0x000002aa       0x32 build/stm32h7xx_hal_i2c.o
 .ARM.attributes
                0x000002dc       0x32 build/stm32h7xx_hal_i2c_ex.o
 .ARM.attributes
                0x0000030e       0x32 build/stm32h7xx_hal_exti.o
 .ARM.attributes
                0x00000340       0x32 build/stm32h7xx_hal_tim.o
 .ARM.attributes
                0x00000372       0x32 build/stm32h7xx_hal_tim_ex.o
 .ARM.attributes
                0x000003a4       0x32 build/stm32h7xx_hal_uart_ex.o
 .ARM.attributes
                0x000003d6       0x32 build/stm32h7xx_hal_uart.o
 .ARM.attributes
                0x00000408       0x32 build/system_stm32h7xx.o
 .ARM.attributes
                0x0000043a       0x21 build/startup_stm32h753xx.o
 .ARM.attributes
                0x0000045b       0x32 /usr/lib/gcc/arm-none-eabi/14.2.0/../../../../arm-none-eabi/lib/thumb/v7e-m+dp/hard/libc_nano.a(libc_a-memset.o)
 .ARM.attributes
                0x0000048d       0x32 /usr/lib/gcc/arm-none-eabi/14.2.0/../../../../arm-none-eabi/lib/thumb/v7e-m+dp/hard/libc_nano.a(libc_a-init.o)
 .ARM.attributes
                0x000004bf       0x20 /usr/lib/gcc/arm-none-eabi/14.2.0/thumb/v7e-m+dp/hard/libgcc.a(_aeabi_uldivmod.o)
 .ARM.attributes
                0x000004df       0x32 /usr/lib/gcc/arm-none-eabi/14.2.0/thumb/v7e-m+dp/hard/libgcc.a(_udivmoddi4.o)
 .ARM.attributes
                0x00000511       0x20 /usr/lib/gcc/arm-none-eabi/14.2.0/thumb/v7e-m+dp/hard/libgcc.a(_dvmd_tls.o)
 .ARM.attributes
                0x00000531       0x20 /usr/lib/gcc/arm-none-eabi/14.2.0/thumb/v7e-m+dp/hard/crtn.o

.comment        0x00000000       0x1e
 .comment       0x00000000       0x1e build/main.o
                                 0x1f (size before relaxing)
 .comment       0x0000001e       0x1f build/stm32h7xx_it.o
 .comment       0x0000001e       0x1f build/stm32h7xx_hal_msp.o
 .comment       0x0000001e       0x1f build/stm32h7xx_nucleo.o
 .comment       0x0000001e       0x1f build/stm32h7xx_hal_adc.o
 .comment       0x0000001e       0x1f build/stm32h7xx_hal_adc_ex.o
 .comment       0x0000001e       0x1f build/stm32h7xx_hal_rcc.o
 .comment       0x0000001e       0x1f build/stm32h7xx_hal_rcc_ex.o
 .comment       0x0000001e       0x1f build/stm32h7xx_hal_gpio.o
 .comment       0x0000001e       0x1f build/stm32h7xx_hal_pwr_ex.o
 .comment       0x0000001e       0x1f build/stm32h7xx_hal_cortex.o
 .comment       0x0000001e       0x1f build/stm32h7xx_hal.o
 .comment       0x0000001e       0x1f build/stm32h7xx_hal_i2c.o
 .comment       0x0000001e       0x1f build/stm32h7xx_hal_i2c_ex.o
 .comment       0x0000001e       0x1f build/stm32h7xx_hal_exti.o
 .comment       0x0000001e       0x1f build/stm32h7xx_hal_tim.o
 .comment       0x0000001e       0x1f build/stm32h7xx_hal_tim_ex.o
 .comment       0x0000001e       0x1f build/stm32h7xx_hal_uart_ex.o
 .comment       0x0000001e       0x1f build/stm32h7xx_hal_uart.o
 .comment       0x0000001e       0x1f build/system_stm32h7xx.o
 .comment       0x0000001e       0x1f /usr/lib/gcc/arm-none-eabi/14.2.0/../../../../arm-none-eabi/lib/thumb/v7e-m+dp/hard/libc_nano.a(libc_a-memset.o)
 .comment       0x0000001e       0x1f /usr/lib/gcc/arm-none-eabi/14.2.0/../../../../arm-none-eabi/lib/thumb/v7e-m+dp/hard/libc_nano.a(libc_a-init.o)
 .comment       0x0000001e       0x1f /usr/lib/gcc/arm-none-eabi/14.2.0/thumb/v7e-m+dp/hard/libgcc.a(_udivmoddi4.o)

.debug_info     0x00000000    0x2be7b
 .debug_info    0x00000000     0x2bc0 build/main.o
 .debug_info    0x00002bc0      0x1d5 build/stm32h7xx_it.o
 .debug_info    0x00002d95     0x2328 build/stm32h7xx_hal_msp.o
 .debug_info    0x000050bd     0x2112 build/stm32h7xx_nucleo.o
 .debug_info    0x000071cf     0x3369 build/stm32h7xx_hal_adc.o
 .debug_info    0x0000a538     0x34f5 build/stm32h7xx_hal_adc_ex.o
 .debug_info    0x0000da2d     0x141c build/stm32h7xx_hal_rcc.o
 .debug_info    0x0000ee49     0x1d05 build/stm32h7xx_hal_rcc_ex.o
 .debug_info    0x00010b4e      0xef1 build/stm32h7xx_hal_gpio.o
 .debug_info    0x00011a3f     0x140c build/stm32h7xx_hal_pwr_ex.o
 .debug_info    0x00012e4b     0x1593 build/stm32h7xx_hal_cortex.o
 .debug_info    0x000143de     0x1910 build/stm32h7xx_hal.o
 .debug_info    0x00015cee     0x490e build/stm32h7xx_hal_i2c.o
 .debug_info    0x0001a5fc      0xfee build/stm32h7xx_hal_i2c_ex.o
 .debug_info    0x0001b5ea      0xb48 build/stm32h7xx_hal_exti.o
 .debug_info    0x0001c132     0x43a3 build/stm32h7xx_hal_tim.o
 .debug_info    0x000204d5     0x2165 build/stm32h7xx_hal_tim_ex.o
 .debug_info    0x0002263a     0x13fd build/stm32h7xx_hal_uart_ex.o
 .debug_info    0x00023a37     0x6b21 build/stm32h7xx_hal_uart.o
 .debug_info    0x0002a558      0xfa5 build/system_stm32h7xx.o
 .debug_info    0x0002b4fd       0x30 build/startup_stm32h753xx.o
 .debug_info    0x0002b52d       0xe0 /usr/lib/gcc/arm-none-eabi/14.2.0/../../../../arm-none-eabi/lib/thumb/v7e-m+dp/hard/libc_nano.a(libc_a-memset.o)
 .debug_info    0x0002b60d      0x10b /usr/lib/gcc/arm-none-eabi/14.2.0/../../../../arm-none-eabi/lib/thumb/v7e-m+dp/hard/libc_nano.a(libc_a-init.o)
 .debug_info    0x0002b718       0x24 /usr/lib/gcc/arm-none-eabi/14.2.0/thumb/v7e-m+dp/hard/libgcc.a(_aeabi_uldivmod.o)
 .debug_info    0x0002b73c      0x703 /usr/lib/gcc/arm-none-eabi/14.2.0/thumb/v7e-m+dp/hard/libgcc.a(_udivmoddi4.o)
 .debug_info    0x0002be3f       0x3c /usr/lib/gcc/arm-none-eabi/14.2.0/thumb/v7e-m+dp/hard/libgcc.a(_dvmd_tls.o)

.debug_abbrev   0x00000000     0x3a17
 .debug_abbrev  0x00000000      0x319 build/main.o
 .debug_abbrev  0x00000319       0xde build/stm32h7xx_it.o
 .debug_abbrev  0x000003f7      0x2af build/stm32h7xx_hal_msp.o
 .debug_abbrev  0x000006a6      0x382 build/stm32h7xx_nucleo.o
 .debug_abbrev  0x00000a28      0x388 build/stm32h7xx_hal_adc.o
 .debug_abbrev  0x00000db0      0x432 build/stm32h7xx_hal_adc_ex.o
 .debug_abbrev  0x000011e2      0x29b build/stm32h7xx_hal_rcc.o
 .debug_abbrev  0x0000147d      0x285 build/stm32h7xx_hal_rcc_ex.o
 .debug_abbrev  0x00001702      0x25a build/stm32h7xx_hal_gpio.o
 .debug_abbrev  0x0000195c      0x2ca build/stm32h7xx_hal_pwr_ex.o
 .debug_abbrev  0x00001c26      0x3e6 build/stm32h7xx_hal_cortex.o
 .debug_abbrev  0x0000200c      0x2b1 build/stm32h7xx_hal.o
 .debug_abbrev  0x000022bd      0x2e4 build/stm32h7xx_hal_i2c.o
 .debug_abbrev  0x000025a1      0x1c4 build/stm32h7xx_hal_i2c_ex.o
 .debug_abbrev  0x00002765      0x1e7 build/stm32h7xx_hal_exti.o
 .debug_abbrev  0x0000294c      0x2bd build/stm32h7xx_hal_tim.o
 .debug_abbrev  0x00002c09      0x2b7 build/stm32h7xx_hal_tim_ex.o
 .debug_abbrev  0x00002ec0      0x351 build/stm32h7xx_hal_uart_ex.o
 .debug_abbrev  0x00003211      0x39a build/stm32h7xx_hal_uart.o
 .debug_abbrev  0x000035ab      0x144 build/system_stm32h7xx.o
 .debug_abbrev  0x000036ef       0x1d build/startup_stm32h753xx.o
 .debug_abbrev  0x0000370c       0x9e /usr/lib/gcc/arm-none-eabi/14.2.0/../../../../arm-none-eabi/lib/thumb/v7e-m+dp/hard/libc_nano.a(libc_a-memset.o)
 .debug_abbrev  0x000037aa       0xc9 /usr/lib/gcc/arm-none-eabi/14.2.0/../../../../arm-none-eabi/lib/thumb/v7e-m+dp/hard/libc_nano.a(libc_a-init.o)
 .debug_abbrev  0x00003873       0x14 /usr/lib/gcc/arm-none-eabi/14.2.0/thumb/v7e-m+dp/hard/libgcc.a(_aeabi_uldivmod.o)
 .debug_abbrev  0x00003887      0x16a /usr/lib/gcc/arm-none-eabi/14.2.0/thumb/v7e-m+dp/hard/libgcc.a(_udivmoddi4.o)
 .debug_abbrev  0x000039f1       0x26 /usr/lib/gcc/arm-none-eabi/14.2.0/thumb/v7e-m+dp/hard/libgcc.a(_dvmd_tls.o)

.debug_loc      0x00000000    0x22a7c
 .debug_loc     0x00000000      0x167 build/main.o
 .debug_loc     0x00000167       0x40 build/stm32h7xx_it.o
 .debug_loc     0x000001a7      0x389 build/stm32h7xx_hal_msp.o
 .debug_loc     0x00000530      0x979 build/stm32h7xx_nucleo.o
 .debug_loc     0x00000ea9     0x26c1 build/stm32h7xx_hal_adc.o
 .debug_loc     0x0000356a     0x2e03 build/stm32h7xx_hal_adc_ex.o
 .debug_loc     0x0000636d      0xb18 build/stm32h7xx_hal_rcc.o
 .debug_loc     0x00006e85     0x20f9 build/stm32h7xx_hal_rcc_ex.o
 .debug_loc     0x00008f7e      0x4b2 build/stm32h7xx_hal_gpio.o
 .debug_loc     0x00009430      0x6af build/stm32h7xx_hal_pwr_ex.o
 .debug_loc     0x00009adf      0x898 build/stm32h7xx_hal_cortex.o
 .debug_loc     0x0000a377      0x58e build/stm32h7xx_hal.o
 .debug_loc     0x0000a905     0x656f build/stm32h7xx_hal_i2c.o
 .debug_loc     0x00010e74      0x243 build/stm32h7xx_hal_i2c_ex.o
 .debug_loc     0x000110b7      0xea8 build/stm32h7xx_hal_exti.o
 .debug_loc     0x00011f5f     0x6833 build/stm32h7xx_hal_tim.o
 .debug_loc     0x00018792     0x2b87 build/stm32h7xx_hal_tim_ex.o
 .debug_loc     0x0001b319      0xe75 build/stm32h7xx_hal_uart_ex.o
 .debug_loc     0x0001c18e     0x6716 build/stm32h7xx_hal_uart.o
 .debug_loc     0x000228a4      0x1d8 build/system_stm32h7xx.o

.debug_aranges  0x00000000     0x1680
 .debug_aranges
                0x00000000       0x58 build/main.o
 .debug_aranges
                0x00000058       0x68 build/stm32h7xx_it.o
 .debug_aranges
                0x000000c0       0x60 build/stm32h7xx_hal_msp.o
 .debug_aranges
                0x00000120       0xb8 build/stm32h7xx_nucleo.o
 .debug_aranges
                0x000001d8      0x120 build/stm32h7xx_hal_adc.o
 .debug_aranges
                0x000002f8      0x130 build/stm32h7xx_hal_adc_ex.o
 .debug_aranges
                0x00000428       0x88 build/stm32h7xx_hal_rcc.o
 .debug_aranges
                0x000004b0       0xf8 build/stm32h7xx_hal_rcc_ex.o
 .debug_aranges
                0x000005a8       0x58 build/stm32h7xx_hal_gpio.o
 .debug_aranges
                0x00000600      0x158 build/stm32h7xx_hal_pwr_ex.o
 .debug_aranges
                0x00000758       0xf8 build/stm32h7xx_hal_cortex.o
 .debug_aranges
                0x00000850      0x198 build/stm32h7xx_hal.o
 .debug_aranges
                0x000009e8      0x2a0 build/stm32h7xx_hal_i2c.o
 .debug_aranges
                0x00000c88       0x48 build/stm32h7xx_hal_i2c_ex.o
 .debug_aranges
                0x00000cd0       0x60 build/stm32h7xx_hal_exti.o
 .debug_aranges
                0x00000d30      0x3e0 build/stm32h7xx_hal_tim.o
 .debug_aranges
                0x00001110      0x188 build/stm32h7xx_hal_tim_ex.o
 .debug_aranges
                0x00001298       0xa8 build/stm32h7xx_hal_uart_ex.o
 .debug_aranges
                0x00001340      0x248 build/stm32h7xx_hal_uart.o
 .debug_aranges
                0x00001588       0x30 build/system_stm32h7xx.o
 .debug_aranges
                0x000015b8       0x28 build/startup_stm32h753xx.o
 .debug_aranges
                0x000015e0       0x20 /usr/lib/gcc/arm-none-eabi/14.2.0/../../../../arm-none-eabi/lib/thumb/v7e-m+dp/hard/libc_nano.a(libc_a-memset.o)
 .debug_aranges
                0x00001600       0x20 /usr/lib/gcc/arm-none-eabi/14.2.0/../../../../arm-none-eabi/lib/thumb/v7e-m+dp/hard/libc_nano.a(libc_a-init.o)
 .debug_aranges
                0x00001620       0x20 /usr/lib/gcc/arm-none-eabi/14.2.0/thumb/v7e-m+dp/hard/libgcc.a(_aeabi_uldivmod.o)
 .debug_aranges
                0x00001640       0x20 /usr/lib/gcc/arm-none-eabi/14.2.0/thumb/v7e-m+dp/hard/libgcc.a(_udivmoddi4.o)
 .debug_aranges
                0x00001660       0x20 /usr/lib/gcc/arm-none-eabi/14.2.0/thumb/v7e-m+dp/hard/libgcc.a(_dvmd_tls.o)

.debug_ranges   0x00000000     0x1870
 .debug_ranges  0x00000000       0x48 build/main.o
 .debug_ranges  0x00000048       0x58 build/stm32h7xx_it.o
 .debug_ranges  0x000000a0       0x50 build/stm32h7xx_hal_msp.o
 .debug_ranges  0x000000f0       0xa8 build/stm32h7xx_nucleo.o
 .debug_ranges  0x00000198      0x340 build/stm32h7xx_hal_adc.o
 .debug_ranges  0x000004d8      0x1c8 build/stm32h7xx_hal_adc_ex.o
 .debug_ranges  0x000006a0       0xe8 build/stm32h7xx_hal_rcc.o
 .debug_ranges  0x00000788       0xe8 build/stm32h7xx_hal_rcc_ex.o
 .debug_ranges  0x00000870       0x48 build/stm32h7xx_hal_gpio.o
 .debug_ranges  0x000008b8      0x1a8 build/stm32h7xx_hal_pwr_ex.o
 .debug_ranges  0x00000a60       0xe8 build/stm32h7xx_hal_cortex.o
 .debug_ranges  0x00000b48      0x188 build/stm32h7xx_hal.o
 .debug_ranges  0x00000cd0      0x290 build/stm32h7xx_hal_i2c.o
 .debug_ranges  0x00000f60       0x38 build/stm32h7xx_hal_i2c_ex.o
 .debug_ranges  0x00000f98       0x50 build/stm32h7xx_hal_exti.o
 .debug_ranges  0x00000fe8      0x3d0 build/stm32h7xx_hal_tim.o
 .debug_ranges  0x000013b8      0x178 build/stm32h7xx_hal_tim_ex.o
 .debug_ranges  0x00001530       0xb0 build/stm32h7xx_hal_uart_ex.o
 .debug_ranges  0x000015e0      0x250 build/stm32h7xx_hal_uart.o
 .debug_ranges  0x00001830       0x20 build/system_stm32h7xx.o
 .debug_ranges  0x00001850       0x20 build/startup_stm32h753xx.o

.debug_line     0x00000000    0x1da29
 .debug_line    0x00000000      0x816 build/main.o
 .debug_line    0x00000816      0x189 build/stm32h7xx_it.o
 .debug_line    0x0000099f      0x528 build/stm32h7xx_hal_msp.o
 .debug_line    0x00000ec7      0x6b7 build/stm32h7xx_nucleo.o
 .debug_line    0x0000157e     0x24aa build/stm32h7xx_hal_adc.o
 .debug_line    0x00003a28     0x2209 build/stm32h7xx_hal_adc_ex.o
 .debug_line    0x00005c31     0x1349 build/stm32h7xx_hal_rcc.o
 .debug_line    0x00006f7a     0x1f6e build/stm32h7xx_hal_rcc_ex.o
 .debug_line    0x00008ee8      0x6b9 build/stm32h7xx_hal_gpio.o
 .debug_line    0x000095a1      0xabc build/stm32h7xx_hal_pwr_ex.o
 .debug_line    0x0000a05d      0x7cd build/stm32h7xx_hal_cortex.o
 .debug_line    0x0000a82a      0x884 build/stm32h7xx_hal.o
 .debug_line    0x0000b0ae     0x4faf build/stm32h7xx_hal_i2c.o
 .debug_line    0x0001005d      0x367 build/stm32h7xx_hal_i2c_ex.o
 .debug_line    0x000103c4      0x857 build/stm32h7xx_hal_exti.o
 .debug_line    0x00010c1b     0x4a64 build/stm32h7xx_hal_tim.o
 .debug_line    0x0001567f     0x1c1c build/stm32h7xx_hal_tim_ex.o
 .debug_line    0x0001729b      0xa06 build/stm32h7xx_hal_uart_ex.o
 .debug_line    0x00017ca1     0x50fb build/stm32h7xx_hal_uart.o
 .debug_line    0x0001cd9c      0x402 build/system_stm32h7xx.o
 .debug_line    0x0001d19e       0x74 build/startup_stm32h753xx.o
 .debug_line    0x0001d212      0x123 /usr/lib/gcc/arm-none-eabi/14.2.0/../../../../arm-none-eabi/lib/thumb/v7e-m+dp/hard/libc_nano.a(libc_a-memset.o)
 .debug_line    0x0001d335      0x115 /usr/lib/gcc/arm-none-eabi/14.2.0/../../../../arm-none-eabi/lib/thumb/v7e-m+dp/hard/libc_nano.a(libc_a-init.o)
 .debug_line    0x0001d44a       0x4e /usr/lib/gcc/arm-none-eabi/14.2.0/thumb/v7e-m+dp/hard/libgcc.a(_aeabi_uldivmod.o)
 .debug_line    0x0001d498      0x547 /usr/lib/gcc/arm-none-eabi/14.2.0/thumb/v7e-m+dp/hard/libgcc.a(_udivmoddi4.o)
 .debug_line    0x0001d9df       0x4a /usr/lib/gcc/arm-none-eabi/14.2.0/thumb/v7e-m+dp/hard/libgcc.a(_dvmd_tls.o)

.debug_str      0x00000000     0x8844
 .debug_str     0x00000000     0x8844 build/main.o
                               0x1a3a (size before relaxing)
 .debug_str     0x00008844      0x25b build/stm32h7xx_it.o
 .debug_str     0x00008844     0x169a build/stm32h7xx_hal_msp.o
 .debug_str     0x00008844     0x17af build/stm32h7xx_nucleo.o
 .debug_str     0x00008844     0x1351 build/stm32h7xx_hal_adc.o
 .debug_str     0x00008844     0x1452 build/stm32h7xx_hal_adc_ex.o
 .debug_str     0x00008844      0x9ec build/stm32h7xx_hal_rcc.o
 .debug_str     0x00008844      0xef7 build/stm32h7xx_hal_rcc_ex.o
 .debug_str     0x00008844      0x6a6 build/stm32h7xx_hal_gpio.o
 .debug_str     0x00008844      0xa22 build/stm32h7xx_hal_pwr_ex.o
 .debug_str     0x00008844     0x1068 build/stm32h7xx_hal_cortex.o
 .debug_str     0x00008844     0x149b build/stm32h7xx_hal.o
 .debug_str     0x00008844     0x1158 build/stm32h7xx_hal_i2c.o
 .debug_str     0x00008844      0xafd build/stm32h7xx_hal_i2c_ex.o
 .debug_str     0x00008844      0x4e2 build/stm32h7xx_hal_exti.o
 .debug_str     0x00008844     0x183b build/stm32h7xx_hal_tim.o
 .debug_str     0x00008844     0x1163 build/stm32h7xx_hal_tim_ex.o
 .debug_str     0x00008844      0xb79 build/stm32h7xx_hal_uart_ex.o
 .debug_str     0x00008844     0x1485 build/stm32h7xx_hal_uart.o
 .debug_str     0x00008844      0x747 build/system_stm32h7xx.o
 .debug_str     0x00008844       0x59 build/startup_stm32h753xx.o
 .debug_str     0x00008844      0x1c2 /usr/lib/gcc/arm-none-eabi/14.2.0/../../../../arm-none-eabi/lib/thumb/v7e-m+dp/hard/libc_nano.a(libc_a-memset.o)
 .debug_str     0x00008844      0x223 /usr/lib/gcc/arm-none-eabi/14.2.0/../../../../arm-none-eabi/lib/thumb/v7e-m+dp/hard/libc_nano.a(libc_a-init.o)
 .debug_str     0x00008844       0x9e /usr/lib/gcc/arm-none-eabi/14.2.0/thumb/v7e-m+dp/hard/libgcc.a(_aeabi_uldivmod.o)
 .debug_str     0x00008844      0x6b9 /usr/lib/gcc/arm-none-eabi/14.2.0/thumb/v7e-m+dp/hard/libgcc.a(_udivmoddi4.o)
 .debug_str     0x00008844       0xbe /usr/lib/gcc/arm-none-eabi/14.2.0/thumb/v7e-m+dp/hard/libgcc.a(_dvmd_tls.o)

.debug_frame    0x00000000     0x3d8c
 .debug_frame   0x00000000       0xf0 build/main.o
 .debug_frame   0x000000f0       0xc0 build/stm32h7xx_it.o
 .debug_frame   0x000001b0      0x10c build/stm32h7xx_hal_msp.o
 .debug_frame   0x000002bc      0x25c build/stm32h7xx_nucleo.o
 .debug_frame   0x00000518      0x348 build/stm32h7xx_hal_adc.o
 .debug_frame   0x00000860      0x384 build/stm32h7xx_hal_adc_ex.o
 .debug_frame   0x00000be4      0x18c build/stm32h7xx_hal_rcc.o
 .debug_frame   0x00000d70      0x284 build/stm32h7xx_hal_rcc_ex.o
 .debug_frame   0x00000ff4       0xd4 build/stm32h7xx_hal_gpio.o
 .debug_frame   0x000010c8      0x2f4 build/stm32h7xx_hal_pwr_ex.o
 .debug_frame   0x000013bc      0x214 build/stm32h7xx_hal_cortex.o
 .debug_frame   0x000015d0      0x360 build/stm32h7xx_hal.o
 .debug_frame   0x00001930      0x988 build/stm32h7xx_hal_i2c.o
 .debug_frame   0x000022b8       0x80 build/stm32h7xx_hal_i2c_ex.o
 .debug_frame   0x00002338      0x100 build/stm32h7xx_hal_exti.o
 .debug_frame   0x00002438      0xb74 build/stm32h7xx_hal_tim.o
 .debug_frame   0x00002fac      0x494 build/stm32h7xx_hal_tim_ex.o
 .debug_frame   0x00003440      0x1c8 build/stm32h7xx_hal_uart_ex.o
 .debug_frame   0x00003608      0x688 build/stm32h7xx_hal_uart.o
 .debug_frame   0x00003c90       0x50 build/system_stm32h7xx.o
 .debug_frame   0x00003ce0       0x20 /usr/lib/gcc/arm-none-eabi/14.2.0/../../../../arm-none-eabi/lib/thumb/v7e-m+dp/hard/libc_nano.a(libc_a-memset.o)
 .debug_frame   0x00003d00       0x2c /usr/lib/gcc/arm-none-eabi/14.2.0/../../../../arm-none-eabi/lib/thumb/v7e-m+dp/hard/libc_nano.a(libc_a-init.o)
 .debug_frame   0x00003d2c       0x2c /usr/lib/gcc/arm-none-eabi/14.2.0/thumb/v7e-m+dp/hard/libgcc.a(_aeabi_uldivmod.o)
 .debug_frame   0x00003d58       0x34 /usr/lib/gcc/arm-none-eabi/14.2.0/thumb/v7e-m+dp/hard/libgcc.a(_udivmoddi4.o)

.debug_loclists
                0x00000000      0xa25
 .debug_loclists
                0x00000000       0x4d /usr/lib/gcc/arm-none-eabi/14.2.0/../../../../arm-none-eabi/lib/thumb/v7e-m+dp/hard/libc_nano.a(libc_a-memset.o)
 .debug_loclists
                0x0000004d       0x54 /usr/lib/gcc/arm-none-eabi/14.2.0/../../../../arm-none-eabi/lib/thumb/v7e-m+dp/hard/libc_nano.a(libc_a-init.o)
 .debug_loclists
                0x000000a1      0x984 /usr/lib/gcc/arm-none-eabi/14.2.0/thumb/v7e-m+dp/hard/libgcc.a(_udivmoddi4.o)

.debug_rnglists
                0x00000000       0x99
 .debug_rnglists
                0x00000000       0x13 /usr/lib/gcc/arm-none-eabi/14.2.0/../../../../arm-none-eabi/lib/thumb/v7e-m+dp/hard/libc_nano.a(libc_a-memset.o)
 .debug_rnglists
                0x00000013       0x13 /usr/lib/gcc/arm-none-eabi/14.2.0/../../../../arm-none-eabi/lib/thumb/v7e-m+dp/hard/libc_nano.a(libc_a-init.o)
 .debug_rnglists
                0x00000026       0x73 /usr/lib/gcc/arm-none-eabi/14.2.0/thumb/v7e-m+dp/hard/libgcc.a(_udivmoddi4.o)

.debug_line_str
                0x00000000       0x9e
 .debug_line_str
                0x00000000       0x9e /usr/lib/gcc/arm-none-eabi/14.2.0/thumb/v7e-m+dp/hard/libgcc.a(_aeabi_uldivmod.o)
                                 0x92 (size before relaxing)
 .debug_line_str
                0x0000009e       0x96 /usr/lib/gcc/arm-none-eabi/14.2.0/thumb/v7e-m+dp/hard/libgcc.a(_dvmd_tls.o)

Cross Reference Table

Symbol                                            File
ADC3_IRQHandler                                   build/startup_stm32h753xx.o
ADC_ConfigureBoostMode                            build/stm32h7xx_hal_adc.o
ADC_ConversionStop                                build/stm32h7xx_hal_adc.o
                                                  build/stm32h7xx_hal_adc_ex.o
ADC_DMAConvCplt                                   build/stm32h7xx_hal_adc.o
                                                  build/stm32h7xx_hal_adc_ex.o
ADC_DMAError                                      build/stm32h7xx_hal_adc.o
                                                  build/stm32h7xx_hal_adc_ex.o
ADC_DMAHalfConvCplt                               build/stm32h7xx_hal_adc.o
                                                  build/stm32h7xx_hal_adc_ex.o
ADC_Disable                                       build/stm32h7xx_hal_adc.o
                                                  build/stm32h7xx_hal_adc_ex.o
ADC_Enable                                        build/stm32h7xx_hal_adc.o
                                                  build/stm32h7xx_hal_adc_ex.o
ADC_IRQHandler                                    build/startup_stm32h753xx.o
BDMA_Channel0_IRQHandler                          build/startup_stm32h753xx.o
BDMA_Channel1_IRQHandler                          build/startup_stm32h753xx.o
BDMA_Channel2_IRQHandler                          build/startup_stm32h753xx.o
BDMA_Channel3_IRQHandler                          build/startup_stm32h753xx.o
BDMA_Channel4_IRQHandler                          build/startup_stm32h753xx.o
BDMA_Channel5_IRQHandler                          build/startup_stm32h753xx.o
BDMA_Channel6_IRQHandler                          build/startup_stm32h753xx.o
BDMA_Channel7_IRQHandler                          build/startup_stm32h753xx.o
BSP_COM_DeInit                                    build/stm32h7xx_nucleo.o
BSP_COM_Init                                      build/stm32h7xx_nucleo.o
                                                  build/main.o
BSP_COM_SelectLogPort                             build/stm32h7xx_nucleo.o
BSP_GetVersion                                    build/stm32h7xx_nucleo.o
BSP_LED_DeInit                                    build/stm32h7xx_nucleo.o
BSP_LED_GetState                                  build/stm32h7xx_nucleo.o
BSP_LED_Init                                      build/stm32h7xx_nucleo.o
                                                  build/main.o
BSP_LED_Off                                       build/stm32h7xx_nucleo.o
BSP_LED_On                                        build/stm32h7xx_nucleo.o
BSP_LED_Toggle                                    build/stm32h7xx_nucleo.o
BSP_PB_Callback                                   build/stm32h7xx_nucleo.o
BSP_PB_DeInit                                     build/stm32h7xx_nucleo.o
BSP_PB_GetState                                   build/stm32h7xx_nucleo.o
BSP_PB_IRQHandler                                 build/stm32h7xx_nucleo.o
                                                  build/stm32h7xx_it.o
BSP_PB_Init                                       build/stm32h7xx_nucleo.o
                                                  build/main.o
BspCOMInit                                        build/main.o
BusFault_Handler                                  build/stm32h7xx_it.o
CEC_IRQHandler                                    build/startup_stm32h753xx.o
COMP1_IRQHandler                                  build/startup_stm32h753xx.o
COM_USART                                         build/stm32h7xx_nucleo.o
CRS_IRQHandler                                    build/startup_stm32h753xx.o
CRYP_IRQHandler                                   build/startup_stm32h753xx.o
D1CorePrescTable                                  build/system_stm32h7xx.o
                                                  build/stm32h7xx_hal.o
                                                  build/stm32h7xx_hal_rcc_ex.o
                                                  build/stm32h7xx_hal_rcc.o
DCMI_IRQHandler                                   build/startup_stm32h753xx.o
DFSDM1_FLT0_IRQHandler                            build/startup_stm32h753xx.o
DFSDM1_FLT1_IRQHandler                            build/startup_stm32h753xx.o
DFSDM1_FLT2_IRQHandler                            build/startup_stm32h753xx.o
DFSDM1_FLT3_IRQHandler                            build/startup_stm32h753xx.o
DMA1_Stream0_IRQHandler                           build/startup_stm32h753xx.o
DMA1_Stream1_IRQHandler                           build/startup_stm32h753xx.o
DMA1_Stream2_IRQHandler                           build/startup_stm32h753xx.o
DMA1_Stream3_IRQHandler                           build/startup_stm32h753xx.o
DMA1_Stream4_IRQHandler                           build/startup_stm32h753xx.o
DMA1_Stream5_IRQHandler                           build/startup_stm32h753xx.o
DMA1_Stream6_IRQHandler                           build/startup_stm32h753xx.o
DMA1_Stream7_IRQHandler                           build/startup_stm32h753xx.o
DMA2D_IRQHandler                                  build/startup_stm32h753xx.o
DMA2_Stream0_IRQHandler                           build/startup_stm32h753xx.o
DMA2_Stream1_IRQHandler                           build/startup_stm32h753xx.o
DMA2_Stream2_IRQHandler                           build/startup_stm32h753xx.o
DMA2_Stream3_IRQHandler                           build/startup_stm32h753xx.o
DMA2_Stream4_IRQHandler                           build/startup_stm32h753xx.o
DMA2_Stream5_IRQHandler                           build/startup_stm32h753xx.o
DMA2_Stream6_IRQHandler                           build/startup_stm32h753xx.o
DMA2_Stream7_IRQHandler                           build/startup_stm32h753xx.o
DMAMUX1_OVR_IRQHandler                            build/startup_stm32h753xx.o
DMAMUX2_OVR_IRQHandler                            build/startup_stm32h753xx.o
DebugMon_Handler                                  build/stm32h7xx_it.o
Default_Handler                                   build/startup_stm32h753xx.o
ECC_IRQHandler                                    build/startup_stm32h753xx.o
ETH_IRQHandler                                    build/startup_stm32h753xx.o
ETH_WKUP_IRQHandler                               build/startup_stm32h753xx.o
EXTI0_IRQHandler                                  build/startup_stm32h753xx.o
EXTI15_10_IRQHandler                              build/stm32h7xx_it.o
EXTI1_IRQHandler                                  build/startup_stm32h753xx.o
EXTI2_IRQHandler                                  build/startup_stm32h753xx.o
EXTI3_IRQHandler                                  build/startup_stm32h753xx.o
EXTI4_IRQHandler                                  build/startup_stm32h753xx.o
EXTI9_5_IRQHandler                                build/startup_stm32h753xx.o
Error_Handler                                     build/main.o
                                                  build/stm32h7xx_hal_msp.o
ExitRun0Mode                                      build/system_stm32h7xx.o
                                                  build/startup_stm32h753xx.o
FDCAN1_IT0_IRQHandler                             build/startup_stm32h753xx.o
FDCAN1_IT1_IRQHandler                             build/startup_stm32h753xx.o
FDCAN2_IT0_IRQHandler                             build/startup_stm32h753xx.o
FDCAN2_IT1_IRQHandler                             build/startup_stm32h753xx.o
FDCAN_CAL_IRQHandler                              build/startup_stm32h753xx.o
FLASH_CRC_WaitForLastOperation                    build/stm32h7xx_hal_flash.o
                                                  build/stm32h7xx_hal_flash_ex.o
FLASH_Erase_Sector                                build/stm32h7xx_hal_flash_ex.o
                                                  build/stm32h7xx_hal_flash.o
FLASH_IRQHandler                                  build/startup_stm32h753xx.o
FLASH_OB_WaitForLastOperation                     build/stm32h7xx_hal_flash.o
                                                  build/stm32h7xx_hal_flash_ex.o
FLASH_WaitForLastOperation                        build/stm32h7xx_hal_flash.o
                                                  build/stm32h7xx_hal_flash_ex.o
FMC_IRQHandler                                    build/startup_stm32h753xx.o
FPU_IRQHandler                                    build/startup_stm32h753xx.o
HAL_ADCEx_Calibration_GetValue                    build/stm32h7xx_hal_adc_ex.o
HAL_ADCEx_Calibration_SetValue                    build/stm32h7xx_hal_adc_ex.o
HAL_ADCEx_Calibration_Start                       build/stm32h7xx_hal_adc_ex.o
HAL_ADCEx_DisableInjectedQueue                    build/stm32h7xx_hal_adc_ex.o
HAL_ADCEx_DisableVoltageRegulator                 build/stm32h7xx_hal_adc_ex.o
HAL_ADCEx_EnableInjectedQueue                     build/stm32h7xx_hal_adc_ex.o
HAL_ADCEx_EndOfSamplingCallback                   build/stm32h7xx_hal_adc_ex.o
                                                  build/stm32h7xx_hal_adc.o
HAL_ADCEx_EnterADCDeepPowerDownMode               build/stm32h7xx_hal_adc_ex.o
HAL_ADCEx_InjectedConfigChannel                   build/stm32h7xx_hal_adc_ex.o
HAL_ADCEx_InjectedConvCpltCallback                build/stm32h7xx_hal_adc_ex.o
                                                  build/stm32h7xx_hal_adc.o
HAL_ADCEx_InjectedGetValue                        build/stm32h7xx_hal_adc_ex.o
HAL_ADCEx_InjectedPollForConversion               build/stm32h7xx_hal_adc_ex.o
HAL_ADCEx_InjectedQueueOverflowCallback           build/stm32h7xx_hal_adc_ex.o
                                                  build/stm32h7xx_hal_adc.o
HAL_ADCEx_InjectedStart                           build/stm32h7xx_hal_adc_ex.o
HAL_ADCEx_InjectedStart_IT                        build/stm32h7xx_hal_adc_ex.o
HAL_ADCEx_InjectedStop                            build/stm32h7xx_hal_adc_ex.o
HAL_ADCEx_InjectedStop_IT                         build/stm32h7xx_hal_adc_ex.o
HAL_ADCEx_LevelOutOfWindow2Callback               build/stm32h7xx_hal_adc_ex.o
                                                  build/stm32h7xx_hal_adc.o
HAL_ADCEx_LevelOutOfWindow3Callback               build/stm32h7xx_hal_adc_ex.o
                                                  build/stm32h7xx_hal_adc.o
HAL_ADCEx_LinearCalibration_FactorLoad            build/stm32h7xx_hal_adc_ex.o
HAL_ADCEx_LinearCalibration_GetValue              build/stm32h7xx_hal_adc_ex.o
HAL_ADCEx_LinearCalibration_SetValue              build/stm32h7xx_hal_adc_ex.o
HAL_ADCEx_MultiModeConfigChannel                  build/stm32h7xx_hal_adc_ex.o
                                                  build/main.o
HAL_ADCEx_MultiModeGetValue                       build/stm32h7xx_hal_adc_ex.o
HAL_ADCEx_MultiModeStart_DMA                      build/stm32h7xx_hal_adc_ex.o
HAL_ADCEx_MultiModeStop_DMA                       build/stm32h7xx_hal_adc_ex.o
HAL_ADCEx_RegularMultiModeStop_DMA                build/stm32h7xx_hal_adc_ex.o
HAL_ADCEx_RegularStop                             build/stm32h7xx_hal_adc_ex.o
HAL_ADCEx_RegularStop_DMA                         build/stm32h7xx_hal_adc_ex.o
HAL_ADCEx_RegularStop_IT                          build/stm32h7xx_hal_adc_ex.o
HAL_ADC_AnalogWDGConfig                           build/stm32h7xx_hal_adc.o
HAL_ADC_ConfigChannel                             build/stm32h7xx_hal_adc.o
                                                  build/main.o
HAL_ADC_ConvCpltCallback                          build/stm32h7xx_hal_adc.o
HAL_ADC_ConvHalfCpltCallback                      build/stm32h7xx_hal_adc.o
HAL_ADC_DeInit                                    build/stm32h7xx_hal_adc.o
HAL_ADC_ErrorCallback                             build/stm32h7xx_hal_adc.o
HAL_ADC_GetError                                  build/stm32h7xx_hal_adc.o
HAL_ADC_GetState                                  build/stm32h7xx_hal_adc.o
HAL_ADC_GetValue                                  build/stm32h7xx_hal_adc.o
HAL_ADC_IRQHandler                                build/stm32h7xx_hal_adc.o
HAL_ADC_Init                                      build/stm32h7xx_hal_adc.o
                                                  build/main.o
HAL_ADC_LevelOutOfWindowCallback                  build/stm32h7xx_hal_adc.o
HAL_ADC_MspDeInit                                 build/stm32h7xx_hal_msp.o
HAL_ADC_MspInit                                   build/stm32h7xx_hal_msp.o
HAL_ADC_PollForConversion                         build/stm32h7xx_hal_adc.o
HAL_ADC_PollForEvent                              build/stm32h7xx_hal_adc.o
HAL_ADC_Start                                     build/stm32h7xx_hal_adc.o
HAL_ADC_Start_DMA                                 build/stm32h7xx_hal_adc.o
HAL_ADC_Start_IT                                  build/stm32h7xx_hal_adc.o
HAL_ADC_Stop                                      build/stm32h7xx_hal_adc.o
HAL_ADC_Stop_DMA                                  build/stm32h7xx_hal_adc.o
HAL_ADC_Stop_IT                                   build/stm32h7xx_hal_adc.o
HAL_DBGMCU_DisableDBGSleepMode                    build/stm32h7xx_hal.o
HAL_DBGMCU_DisableDBGStandbyMode                  build/stm32h7xx_hal.o
HAL_DBGMCU_DisableDBGStopMode                     build/stm32h7xx_hal.o
HAL_DBGMCU_EnableDBGSleepMode                     build/stm32h7xx_hal.o
HAL_DBGMCU_EnableDBGStandbyMode                   build/stm32h7xx_hal.o
HAL_DBGMCU_EnableDBGStopMode                      build/stm32h7xx_hal.o
HAL_DMAEx_ChangeMemory                            build/stm32h7xx_hal_dma_ex.o
HAL_DMAEx_ConfigMuxRequestGenerator               build/stm32h7xx_hal_dma_ex.o
HAL_DMAEx_ConfigMuxSync                           build/stm32h7xx_hal_dma_ex.o
HAL_DMAEx_DisableMuxRequestGenerator              build/stm32h7xx_hal_dma_ex.o
HAL_DMAEx_EnableMuxRequestGenerator               build/stm32h7xx_hal_dma_ex.o
HAL_DMAEx_MUX_IRQHandler                          build/stm32h7xx_hal_dma_ex.o
HAL_DMAEx_MultiBufferStart                        build/stm32h7xx_hal_dma_ex.o
HAL_DMAEx_MultiBufferStart_IT                     build/stm32h7xx_hal_dma_ex.o
HAL_DMA_Abort                                     build/stm32h7xx_hal_dma.o
                                                  build/stm32h7xx_hal_uart.o
                                                  build/stm32h7xx_hal_adc_ex.o
                                                  build/stm32h7xx_hal_adc.o
HAL_DMA_Abort_IT                                  build/stm32h7xx_hal_dma.o
                                                  build/stm32h7xx_hal_uart.o
                                                  build/stm32h7xx_hal_tim_ex.o
                                                  build/stm32h7xx_hal_tim.o
                                                  build/stm32h7xx_hal_i2c.o
HAL_DMA_DeInit                                    build/stm32h7xx_hal_dma.o
HAL_DMA_GetError                                  build/stm32h7xx_hal_dma.o
                                                  build/stm32h7xx_hal_uart.o
                                                  build/stm32h7xx_hal_i2c.o
HAL_DMA_GetState                                  build/stm32h7xx_hal_dma.o
                                                  build/stm32h7xx_hal_i2c.o
HAL_DMA_IRQHandler                                build/stm32h7xx_hal_dma.o
HAL_DMA_Init                                      build/stm32h7xx_hal_dma.o
HAL_DMA_PollForTransfer                           build/stm32h7xx_hal_dma.o
HAL_DMA_RegisterCallback                          build/stm32h7xx_hal_dma.o
HAL_DMA_Start                                     build/stm32h7xx_hal_dma.o
HAL_DMA_Start_IT                                  build/stm32h7xx_hal_dma.o
                                                  build/stm32h7xx_hal_uart.o
                                                  build/stm32h7xx_hal_tim_ex.o
                                                  build/stm32h7xx_hal_tim.o
                                                  build/stm32h7xx_hal_i2c.o
                                                  build/stm32h7xx_hal_adc_ex.o
                                                  build/stm32h7xx_hal_adc.o
HAL_DMA_UnRegisterCallback                        build/stm32h7xx_hal_dma.o
HAL_DeInit                                        build/stm32h7xx_hal.o
HAL_Delay                                         build/stm32h7xx_hal.o
HAL_DisableCompensationCell                       build/stm32h7xx_hal.o
HAL_EXTI_ClearConfigLine                          build/stm32h7xx_hal_exti.o
HAL_EXTI_ClearPending                             build/stm32h7xx_hal_exti.o
HAL_EXTI_D1_ClearFlag                             build/stm32h7xx_hal.o
HAL_EXTI_D1_EventInputConfig                      build/stm32h7xx_hal.o
HAL_EXTI_D3_EventInputConfig                      build/stm32h7xx_hal.o
HAL_EXTI_EdgeConfig                               build/stm32h7xx_hal.o
HAL_EXTI_GenerateSWI                              build/stm32h7xx_hal_exti.o
HAL_EXTI_GenerateSWInterrupt                      build/stm32h7xx_hal.o
HAL_EXTI_GetConfigLine                            build/stm32h7xx_hal_exti.o
HAL_EXTI_GetHandle                                build/stm32h7xx_hal_exti.o
                                                  build/stm32h7xx_nucleo.o
HAL_EXTI_GetPending                               build/stm32h7xx_hal_exti.o
HAL_EXTI_IRQHandler                               build/stm32h7xx_hal_exti.o
                                                  build/stm32h7xx_nucleo.o
HAL_EXTI_RegisterCallback                         build/stm32h7xx_hal_exti.o
                                                  build/stm32h7xx_nucleo.o
HAL_EXTI_SetConfigLine                            build/stm32h7xx_hal_exti.o
HAL_EnableCompensationCell                        build/stm32h7xx_hal.o
HAL_FLASHEx_ComputeCRC                            build/stm32h7xx_hal_flash_ex.o
HAL_FLASHEx_Erase                                 build/stm32h7xx_hal_flash_ex.o
HAL_FLASHEx_Erase_IT                              build/stm32h7xx_hal_flash_ex.o
HAL_FLASHEx_Lock_Bank1                            build/stm32h7xx_hal_flash_ex.o
HAL_FLASHEx_Lock_Bank2                            build/stm32h7xx_hal_flash_ex.o
HAL_FLASHEx_OBGetConfig                           build/stm32h7xx_hal_flash_ex.o
HAL_FLASHEx_OBProgram                             build/stm32h7xx_hal_flash_ex.o
HAL_FLASHEx_Unlock_Bank1                          build/stm32h7xx_hal_flash_ex.o
HAL_FLASHEx_Unlock_Bank2                          build/stm32h7xx_hal_flash_ex.o
HAL_FLASH_EndOfOperationCallback                  build/stm32h7xx_hal_flash.o
HAL_FLASH_GetError                                build/stm32h7xx_hal_flash.o
HAL_FLASH_IRQHandler                              build/stm32h7xx_hal_flash.o
HAL_FLASH_Lock                                    build/stm32h7xx_hal_flash.o
HAL_FLASH_OB_Launch                               build/stm32h7xx_hal_flash.o
HAL_FLASH_OB_Lock                                 build/stm32h7xx_hal_flash.o
HAL_FLASH_OB_Unlock                               build/stm32h7xx_hal_flash.o
HAL_FLASH_OperationErrorCallback                  build/stm32h7xx_hal_flash.o
HAL_FLASH_Program                                 build/stm32h7xx_hal_flash.o
HAL_FLASH_Program_IT                              build/stm32h7xx_hal_flash.o
HAL_FLASH_Unlock                                  build/stm32h7xx_hal_flash.o
HAL_GPIO_DeInit                                   build/stm32h7xx_hal_gpio.o
                                                  build/stm32h7xx_nucleo.o
                                                  build/stm32h7xx_hal_msp.o
HAL_GPIO_EXTI_Callback                            build/stm32h7xx_hal_gpio.o
HAL_GPIO_EXTI_IRQHandler                          build/stm32h7xx_hal_gpio.o
HAL_GPIO_Init                                     build/stm32h7xx_hal_gpio.o
                                                  build/stm32h7xx_hal_rcc.o
                                                  build/stm32h7xx_nucleo.o
                                                  build/stm32h7xx_hal_msp.o
                                                  build/main.o
HAL_GPIO_LockPin                                  build/stm32h7xx_hal_gpio.o
HAL_GPIO_ReadPin                                  build/stm32h7xx_hal_gpio.o
                                                  build/stm32h7xx_nucleo.o
HAL_GPIO_TogglePin                                build/stm32h7xx_hal_gpio.o
                                                  build/stm32h7xx_nucleo.o
HAL_GPIO_WritePin                                 build/stm32h7xx_hal_gpio.o
                                                  build/stm32h7xx_nucleo.o
                                                  build/main.o
HAL_GetCurrentCPUID                               build/stm32h7xx_hal_cortex.o
HAL_GetDEVID                                      build/stm32h7xx_hal.o
HAL_GetFMCMemorySwappingConfig                    build/stm32h7xx_hal.o
HAL_GetHalVersion                                 build/stm32h7xx_hal.o
HAL_GetREVID                                      build/stm32h7xx_hal.o
                                                  build/stm32h7xx_hal_rcc_ex.o
                                                  build/stm32h7xx_hal_rcc.o
                                                  build/stm32h7xx_hal_adc.o
HAL_GetTick                                       build/stm32h7xx_hal.o
                                                  build/stm32h7xx_hal_uart.o
                                                  build/stm32h7xx_hal_uart_ex.o
                                                  build/stm32h7xx_hal_i2c.o
                                                  build/stm32h7xx_hal_pwr_ex.o
                                                  build/stm32h7xx_hal_mdma.o
                                                  build/stm32h7xx_hal_dma.o
                                                  build/stm32h7xx_hal_flash.o
                                                  build/stm32h7xx_hal_rcc_ex.o
                                                  build/stm32h7xx_hal_rcc.o
                                                  build/stm32h7xx_hal_adc_ex.o
                                                  build/stm32h7xx_hal_adc.o
HAL_GetTickFreq                                   build/stm32h7xx_hal.o
HAL_GetTickPrio                                   build/stm32h7xx_hal.o
HAL_GetUIDw0                                      build/stm32h7xx_hal.o
HAL_GetUIDw1                                      build/stm32h7xx_hal.o
HAL_GetUIDw2                                      build/stm32h7xx_hal.o
HAL_HSEM_ActivateNotification                     build/stm32h7xx_hal_hsem.o
HAL_HSEM_DeactivateNotification                   build/stm32h7xx_hal_hsem.o
HAL_HSEM_FastTake                                 build/stm32h7xx_hal_hsem.o
HAL_HSEM_FreeCallback                             build/stm32h7xx_hal_hsem.o
HAL_HSEM_GetClearKey                              build/stm32h7xx_hal_hsem.o
HAL_HSEM_IRQHandler                               build/stm32h7xx_hal_hsem.o
HAL_HSEM_IsSemTaken                               build/stm32h7xx_hal_hsem.o
HAL_HSEM_Release                                  build/stm32h7xx_hal_hsem.o
HAL_HSEM_ReleaseAll                               build/stm32h7xx_hal_hsem.o
HAL_HSEM_SetClearKey                              build/stm32h7xx_hal_hsem.o
HAL_HSEM_Take                                     build/stm32h7xx_hal_hsem.o
HAL_HalfDuplex_EnableReceiver                     build/stm32h7xx_hal_uart.o
HAL_HalfDuplex_EnableTransmitter                  build/stm32h7xx_hal_uart.o
HAL_HalfDuplex_Init                               build/stm32h7xx_hal_uart.o
HAL_I2CEx_ConfigAnalogFilter                      build/stm32h7xx_hal_i2c_ex.o
                                                  build/main.o
HAL_I2CEx_ConfigDigitalFilter                     build/stm32h7xx_hal_i2c_ex.o
                                                  build/main.o
HAL_I2CEx_DisableFastModePlus                     build/stm32h7xx_hal_i2c_ex.o
HAL_I2CEx_DisableWakeUp                           build/stm32h7xx_hal_i2c_ex.o
HAL_I2CEx_EnableFastModePlus                      build/stm32h7xx_hal_i2c_ex.o
HAL_I2CEx_EnableWakeUp                            build/stm32h7xx_hal_i2c_ex.o
HAL_I2C_AbortCpltCallback                         build/stm32h7xx_hal_i2c.o
HAL_I2C_AddrCallback                              build/stm32h7xx_hal_i2c.o
HAL_I2C_DeInit                                    build/stm32h7xx_hal_i2c.o
HAL_I2C_DisableListen_IT                          build/stm32h7xx_hal_i2c.o
HAL_I2C_ER_IRQHandler                             build/stm32h7xx_hal_i2c.o
HAL_I2C_EV_IRQHandler                             build/stm32h7xx_hal_i2c.o
HAL_I2C_EnableListen_IT                           build/stm32h7xx_hal_i2c.o
HAL_I2C_ErrorCallback                             build/stm32h7xx_hal_i2c.o
HAL_I2C_GetError                                  build/stm32h7xx_hal_i2c.o
HAL_I2C_GetMode                                   build/stm32h7xx_hal_i2c.o
HAL_I2C_GetState                                  build/stm32h7xx_hal_i2c.o
HAL_I2C_Init                                      build/stm32h7xx_hal_i2c.o
                                                  build/main.o
HAL_I2C_IsDeviceReady                             build/stm32h7xx_hal_i2c.o
HAL_I2C_ListenCpltCallback                        build/stm32h7xx_hal_i2c.o
HAL_I2C_MasterRxCpltCallback                      build/stm32h7xx_hal_i2c.o
HAL_I2C_MasterTxCpltCallback                      build/stm32h7xx_hal_i2c.o
HAL_I2C_Master_Abort_IT                           build/stm32h7xx_hal_i2c.o
HAL_I2C_Master_Receive                            build/stm32h7xx_hal_i2c.o
HAL_I2C_Master_Receive_DMA                        build/stm32h7xx_hal_i2c.o
HAL_I2C_Master_Receive_IT                         build/stm32h7xx_hal_i2c.o
HAL_I2C_Master_Seq_Receive_DMA                    build/stm32h7xx_hal_i2c.o
HAL_I2C_Master_Seq_Receive_IT                     build/stm32h7xx_hal_i2c.o
HAL_I2C_Master_Seq_Transmit_DMA                   build/stm32h7xx_hal_i2c.o
HAL_I2C_Master_Seq_Transmit_IT                    build/stm32h7xx_hal_i2c.o
HAL_I2C_Master_Transmit                           build/stm32h7xx_hal_i2c.o
HAL_I2C_Master_Transmit_DMA                       build/stm32h7xx_hal_i2c.o
HAL_I2C_Master_Transmit_IT                        build/stm32h7xx_hal_i2c.o
HAL_I2C_MemRxCpltCallback                         build/stm32h7xx_hal_i2c.o
HAL_I2C_MemTxCpltCallback                         build/stm32h7xx_hal_i2c.o
HAL_I2C_Mem_Read                                  build/stm32h7xx_hal_i2c.o
HAL_I2C_Mem_Read_DMA                              build/stm32h7xx_hal_i2c.o
HAL_I2C_Mem_Read_IT                               build/stm32h7xx_hal_i2c.o
HAL_I2C_Mem_Write                                 build/stm32h7xx_hal_i2c.o
HAL_I2C_Mem_Write_DMA                             build/stm32h7xx_hal_i2c.o
HAL_I2C_Mem_Write_IT                              build/stm32h7xx_hal_i2c.o
HAL_I2C_MspDeInit                                 build/stm32h7xx_hal_msp.o
HAL_I2C_MspInit                                   build/stm32h7xx_hal_msp.o
HAL_I2C_SlaveRxCpltCallback                       build/stm32h7xx_hal_i2c.o
HAL_I2C_SlaveTxCpltCallback                       build/stm32h7xx_hal_i2c.o
HAL_I2C_Slave_Receive                             build/stm32h7xx_hal_i2c.o
HAL_I2C_Slave_Receive_DMA                         build/stm32h7xx_hal_i2c.o
HAL_I2C_Slave_Receive_IT                          build/stm32h7xx_hal_i2c.o
HAL_I2C_Slave_Seq_Receive_DMA                     build/stm32h7xx_hal_i2c.o
HAL_I2C_Slave_Seq_Receive_IT                      build/stm32h7xx_hal_i2c.o
HAL_I2C_Slave_Seq_Transmit_DMA                    build/stm32h7xx_hal_i2c.o
HAL_I2C_Slave_Seq_Transmit_IT                     build/stm32h7xx_hal_i2c.o
HAL_I2C_Slave_Transmit                            build/stm32h7xx_hal_i2c.o
HAL_I2C_Slave_Transmit_DMA                        build/stm32h7xx_hal_i2c.o
HAL_I2C_Slave_Transmit_IT                         build/stm32h7xx_hal_i2c.o
HAL_IncTick                                       build/stm32h7xx_hal.o
                                                  build/stm32h7xx_it.o
HAL_Init                                          build/stm32h7xx_hal.o
                                                  build/main.o
HAL_InitTick                                      build/stm32h7xx_hal.o
                                                  build/stm32h7xx_hal_rcc.o
HAL_LIN_Init                                      build/stm32h7xx_hal_uart.o
HAL_LIN_SendBreak                                 build/stm32h7xx_hal_uart.o
HAL_MDMA_Abort                                    build/stm32h7xx_hal_mdma.o
HAL_MDMA_Abort_IT                                 build/stm32h7xx_hal_mdma.o
HAL_MDMA_ConfigPostRequestMask                    build/stm32h7xx_hal_mdma.o
HAL_MDMA_DeInit                                   build/stm32h7xx_hal_mdma.o
HAL_MDMA_GenerateSWRequest                        build/stm32h7xx_hal_mdma.o
HAL_MDMA_GetError                                 build/stm32h7xx_hal_mdma.o
HAL_MDMA_GetState                                 build/stm32h7xx_hal_mdma.o
HAL_MDMA_IRQHandler                               build/stm32h7xx_hal_mdma.o
HAL_MDMA_Init                                     build/stm32h7xx_hal_mdma.o
HAL_MDMA_LinkedList_AddNode                       build/stm32h7xx_hal_mdma.o
HAL_MDMA_LinkedList_CreateNode                    build/stm32h7xx_hal_mdma.o
HAL_MDMA_LinkedList_DisableCircularMode           build/stm32h7xx_hal_mdma.o
HAL_MDMA_LinkedList_EnableCircularMode            build/stm32h7xx_hal_mdma.o
HAL_MDMA_LinkedList_RemoveNode                    build/stm32h7xx_hal_mdma.o
HAL_MDMA_PollForTransfer                          build/stm32h7xx_hal_mdma.o
HAL_MDMA_RegisterCallback                         build/stm32h7xx_hal_mdma.o
HAL_MDMA_Start                                    build/stm32h7xx_hal_mdma.o
HAL_MDMA_Start_IT                                 build/stm32h7xx_hal_mdma.o
HAL_MDMA_UnRegisterCallback                       build/stm32h7xx_hal_mdma.o
HAL_MPU_ConfigRegion                              build/stm32h7xx_hal_cortex.o
HAL_MPU_Disable                                   build/stm32h7xx_hal_cortex.o
HAL_MPU_DisableRegion                             build/stm32h7xx_hal_cortex.o
HAL_MPU_Enable                                    build/stm32h7xx_hal_cortex.o
HAL_MPU_EnableRegion                              build/stm32h7xx_hal_cortex.o
HAL_MspDeInit                                     build/stm32h7xx_hal.o
HAL_MspInit                                       build/stm32h7xx_hal_msp.o
HAL_MultiProcessorEx_AddressLength_Set            build/stm32h7xx_hal_uart_ex.o
HAL_MultiProcessor_DisableMuteMode                build/stm32h7xx_hal_uart.o
HAL_MultiProcessor_EnableMuteMode                 build/stm32h7xx_hal_uart.o
HAL_MultiProcessor_EnterMuteMode                  build/stm32h7xx_hal_uart.o
HAL_MultiProcessor_Init                           build/stm32h7xx_hal_uart.o
HAL_NVIC_ClearPendingIRQ                          build/stm32h7xx_hal_cortex.o
HAL_NVIC_DisableIRQ                               build/stm32h7xx_hal_cortex.o
                                                  build/stm32h7xx_nucleo.o
HAL_NVIC_EnableIRQ                                build/stm32h7xx_hal_cortex.o
                                                  build/stm32h7xx_nucleo.o
HAL_NVIC_GetActive                                build/stm32h7xx_hal_cortex.o
HAL_NVIC_GetPendingIRQ                            build/stm32h7xx_hal_cortex.o
HAL_NVIC_GetPriority                              build/stm32h7xx_hal_cortex.o
HAL_NVIC_GetPriorityGrouping                      build/stm32h7xx_hal_cortex.o
HAL_NVIC_SetPendingIRQ                            build/stm32h7xx_hal_cortex.o
HAL_NVIC_SetPriority                              build/stm32h7xx_hal_cortex.o
                                                  build/stm32h7xx_hal.o
                                                  build/stm32h7xx_nucleo.o
HAL_NVIC_SetPriorityGrouping                      build/stm32h7xx_hal_cortex.o
                                                  build/stm32h7xx_hal.o
HAL_NVIC_SystemReset                              build/stm32h7xx_hal_cortex.o
HAL_PWREx_AVDCallback                             build/stm32h7xx_hal_pwr_ex.o
HAL_PWREx_ClearPendingEvent                       build/stm32h7xx_hal_pwr_ex.o
HAL_PWREx_ClearWakeupFlag                         build/stm32h7xx_hal_pwr_ex.o
HAL_PWREx_ConfigAVD                               build/stm32h7xx_hal_pwr_ex.o
HAL_PWREx_ConfigD3Domain                          build/stm32h7xx_hal_pwr_ex.o
HAL_PWREx_ConfigSupply                            build/stm32h7xx_hal_pwr_ex.o
                                                  build/main.o
HAL_PWREx_ControlStopModeVoltageScaling           build/stm32h7xx_hal_pwr_ex.o
HAL_PWREx_ControlVoltageScaling                   build/stm32h7xx_hal_pwr_ex.o
HAL_PWREx_DisableAVD                              build/stm32h7xx_hal_pwr_ex.o
HAL_PWREx_DisableBatteryCharging                  build/stm32h7xx_hal_pwr_ex.o
HAL_PWREx_DisableBkUpReg                          build/stm32h7xx_hal_pwr_ex.o
HAL_PWREx_DisableFlashPowerDown                   build/stm32h7xx_hal_pwr_ex.o
HAL_PWREx_DisableMonitoring                       build/stm32h7xx_hal_pwr_ex.o
HAL_PWREx_DisableUSBReg                           build/stm32h7xx_hal_pwr_ex.o
HAL_PWREx_DisableUSBVoltageDetector               build/stm32h7xx_hal_pwr_ex.o
HAL_PWREx_DisableWakeUpPin                        build/stm32h7xx_hal_pwr_ex.o
HAL_PWREx_EnableAVD                               build/stm32h7xx_hal_pwr_ex.o
HAL_PWREx_EnableBatteryCharging                   build/stm32h7xx_hal_pwr_ex.o
HAL_PWREx_EnableBkUpReg                           build/stm32h7xx_hal_pwr_ex.o
HAL_PWREx_EnableFlashPowerDown                    build/stm32h7xx_hal_pwr_ex.o
HAL_PWREx_EnableMonitoring                        build/stm32h7xx_hal_pwr_ex.o
HAL_PWREx_EnableUSBReg                            build/stm32h7xx_hal_pwr_ex.o
HAL_PWREx_EnableUSBVoltageDetector                build/stm32h7xx_hal_pwr_ex.o
HAL_PWREx_EnableWakeUpPin                         build/stm32h7xx_hal_pwr_ex.o
HAL_PWREx_EnterSTANDBYMode                        build/stm32h7xx_hal_pwr_ex.o
HAL_PWREx_EnterSTOPMode                           build/stm32h7xx_hal_pwr_ex.o
HAL_PWREx_GetStopModeVoltageRange                 build/stm32h7xx_hal_pwr_ex.o
HAL_PWREx_GetSupplyConfig                         build/stm32h7xx_hal_pwr_ex.o
HAL_PWREx_GetTemperatureLevel                     build/stm32h7xx_hal_pwr_ex.o
HAL_PWREx_GetVBATLevel                            build/stm32h7xx_hal_pwr_ex.o
HAL_PWREx_GetVoltageRange                         build/stm32h7xx_hal_pwr_ex.o
HAL_PWREx_GetWakeupFlag                           build/stm32h7xx_hal_pwr_ex.o
HAL_PWREx_PVD_AVD_IRQHandler                      build/stm32h7xx_hal_pwr_ex.o
HAL_PWREx_WAKEUP_PIN_IRQHandler                   build/stm32h7xx_hal_pwr_ex.o
HAL_PWREx_WKUP1_Callback                          build/stm32h7xx_hal_pwr_ex.o
HAL_PWREx_WKUP2_Callback                          build/stm32h7xx_hal_pwr_ex.o
HAL_PWREx_WKUP3_Callback                          build/stm32h7xx_hal_pwr_ex.o
HAL_PWREx_WKUP4_Callback                          build/stm32h7xx_hal_pwr_ex.o
HAL_PWREx_WKUP5_Callback                          build/stm32h7xx_hal_pwr_ex.o
HAL_PWREx_WKUP6_Callback                          build/stm32h7xx_hal_pwr_ex.o
HAL_PWR_ConfigPVD                                 build/stm32h7xx_hal_pwr.o
HAL_PWR_DeInit                                    build/stm32h7xx_hal_pwr.o
HAL_PWR_DisableBkUpAccess                         build/stm32h7xx_hal_pwr.o
HAL_PWR_DisablePVD                                build/stm32h7xx_hal_pwr.o
HAL_PWR_DisableSEVOnPend                          build/stm32h7xx_hal_pwr.o
HAL_PWR_DisableSleepOnExit                        build/stm32h7xx_hal_pwr.o
HAL_PWR_DisableWakeUpPin                          build/stm32h7xx_hal_pwr.o
HAL_PWR_EnableBkUpAccess                          build/stm32h7xx_hal_pwr.o
HAL_PWR_EnablePVD                                 build/stm32h7xx_hal_pwr.o
HAL_PWR_EnableSEVOnPend                           build/stm32h7xx_hal_pwr.o
HAL_PWR_EnableSleepOnExit                         build/stm32h7xx_hal_pwr.o
HAL_PWR_EnableWakeUpPin                           build/stm32h7xx_hal_pwr.o
HAL_PWR_EnterSLEEPMode                            build/stm32h7xx_hal_pwr.o
HAL_PWR_EnterSTANDBYMode                          build/stm32h7xx_hal_pwr.o
HAL_PWR_EnterSTOPMode                             build/stm32h7xx_hal_pwr.o
HAL_PWR_PVDCallback                               build/stm32h7xx_hal_pwr.o
                                                  build/stm32h7xx_hal_pwr_ex.o
HAL_PWR_PVD_IRQHandler                            build/stm32h7xx_hal_pwr.o
HAL_RCCEx_CRSConfig                               build/stm32h7xx_hal_rcc_ex.o
HAL_RCCEx_CRSGetSynchronizationInfo               build/stm32h7xx_hal_rcc_ex.o
HAL_RCCEx_CRSSoftwareSynchronizationGenerate      build/stm32h7xx_hal_rcc_ex.o
HAL_RCCEx_CRSWaitSynchronization                  build/stm32h7xx_hal_rcc_ex.o
HAL_RCCEx_CRS_ErrorCallback                       build/stm32h7xx_hal_rcc_ex.o
HAL_RCCEx_CRS_ExpectedSyncCallback                build/stm32h7xx_hal_rcc_ex.o
HAL_RCCEx_CRS_IRQHandler                          build/stm32h7xx_hal_rcc_ex.o
HAL_RCCEx_CRS_SyncOkCallback                      build/stm32h7xx_hal_rcc_ex.o
HAL_RCCEx_CRS_SyncWarnCallback                    build/stm32h7xx_hal_rcc_ex.o
HAL_RCCEx_DisableLSECSS                           build/stm32h7xx_hal_rcc_ex.o
HAL_RCCEx_EnableLSECSS                            build/stm32h7xx_hal_rcc_ex.o
HAL_RCCEx_EnableLSECSS_IT                         build/stm32h7xx_hal_rcc_ex.o
HAL_RCCEx_GetD1PCLK1Freq                          build/stm32h7xx_hal_rcc_ex.o
HAL_RCCEx_GetD1SysClockFreq                       build/stm32h7xx_hal_rcc_ex.o
HAL_RCCEx_GetD3PCLK1Freq                          build/stm32h7xx_hal_rcc_ex.o
                                                  build/stm32h7xx_hal_uart.o
HAL_RCCEx_GetPLL1ClockFreq                        build/stm32h7xx_hal_rcc_ex.o
HAL_RCCEx_GetPLL2ClockFreq                        build/stm32h7xx_hal_rcc_ex.o
                                                  build/stm32h7xx_hal_uart.o
HAL_RCCEx_GetPLL3ClockFreq                        build/stm32h7xx_hal_rcc_ex.o
                                                  build/stm32h7xx_hal_uart.o
HAL_RCCEx_GetPeriphCLKConfig                      build/stm32h7xx_hal_rcc_ex.o
HAL_RCCEx_GetPeriphCLKFreq                        build/stm32h7xx_hal_rcc_ex.o
                                                  build/stm32h7xx_hal_adc.o
HAL_RCCEx_KerWakeUpStopCLKConfig                  build/stm32h7xx_hal_rcc_ex.o
HAL_RCCEx_LSECSS_Callback                         build/stm32h7xx_hal_rcc_ex.o